Archive member included to satisfy reference by file (symbol)

c:/st/stm32cubeide_1.10.1/stm32cubeide/plugins/com.st.stm32cube.ide.mcu.externaltools.gnu-tools-for-stm32.10.3-2021.10.win32_1.0.200.202301161003/tools/bin/../lib/gcc/arm-none-eabi/10.3.1/../../../../arm-none-eabi/lib/thumb/v7e-m+fp/hard\libc_nano.a(lib_a-errno.o)
                              ./Core/Src/syscalls.o (__errno)
c:/st/stm32cubeide_1.10.1/stm32cubeide/plugins/com.st.stm32cube.ide.mcu.externaltools.gnu-tools-for-stm32.10.3-2021.10.win32_1.0.200.202301161003/tools/bin/../lib/gcc/arm-none-eabi/10.3.1/../../../../arm-none-eabi/lib/thumb/v7e-m+fp/hard\libc_nano.a(lib_a-exit.o)
                              c:/st/stm32cubeide_1.10.1/stm32cubeide/plugins/com.st.stm32cube.ide.mcu.externaltools.gnu-tools-for-stm32.10.3-2021.10.win32_1.0.200.202301161003/tools/bin/../lib/gcc/arm-none-eabi/10.3.1/../../../../arm-none-eabi/lib/thumb/v7e-m+fp/hard/crt0.o (exit)
c:/st/stm32cubeide_1.10.1/stm32cubeide/plugins/com.st.stm32cube.ide.mcu.externaltools.gnu-tools-for-stm32.10.3-2021.10.win32_1.0.200.202301161003/tools/bin/../lib/gcc/arm-none-eabi/10.3.1/../../../../arm-none-eabi/lib/thumb/v7e-m+fp/hard\libc_nano.a(lib_a-impure.o)
                              c:/st/stm32cubeide_1.10.1/stm32cubeide/plugins/com.st.stm32cube.ide.mcu.externaltools.gnu-tools-for-stm32.10.3-2021.10.win32_1.0.200.202301161003/tools/bin/../lib/gcc/arm-none-eabi/10.3.1/../../../../arm-none-eabi/lib/thumb/v7e-m+fp/hard\libc_nano.a(lib_a-exit.o) (_global_impure_ptr)
c:/st/stm32cubeide_1.10.1/stm32cubeide/plugins/com.st.stm32cube.ide.mcu.externaltools.gnu-tools-for-stm32.10.3-2021.10.win32_1.0.200.202301161003/tools/bin/../lib/gcc/arm-none-eabi/10.3.1/../../../../arm-none-eabi/lib/thumb/v7e-m+fp/hard\libc_nano.a(lib_a-init.o)
                              c:/st/stm32cubeide_1.10.1/stm32cubeide/plugins/com.st.stm32cube.ide.mcu.externaltools.gnu-tools-for-stm32.10.3-2021.10.win32_1.0.200.202301161003/tools/bin/../lib/gcc/arm-none-eabi/10.3.1/../../../../arm-none-eabi/lib/thumb/v7e-m+fp/hard/crt0.o (__libc_init_array)
c:/st/stm32cubeide_1.10.1/stm32cubeide/plugins/com.st.stm32cube.ide.mcu.externaltools.gnu-tools-for-stm32.10.3-2021.10.win32_1.0.200.202301161003/tools/bin/../lib/gcc/arm-none-eabi/10.3.1/../../../../arm-none-eabi/lib/thumb/v7e-m+fp/hard\libc_nano.a(lib_a-memset.o)
                              c:/st/stm32cubeide_1.10.1/stm32cubeide/plugins/com.st.stm32cube.ide.mcu.externaltools.gnu-tools-for-stm32.10.3-2021.10.win32_1.0.200.202301161003/tools/bin/../lib/gcc/arm-none-eabi/10.3.1/../../../../arm-none-eabi/lib/thumb/v7e-m+fp/hard/crt0.o (memset)
c:/st/stm32cubeide_1.10.1/stm32cubeide/plugins/com.st.stm32cube.ide.mcu.externaltools.gnu-tools-for-stm32.10.3-2021.10.win32_1.0.200.202301161003/tools/bin/../lib/gcc/arm-none-eabi/10.3.1/../../../../arm-none-eabi/lib/thumb/v7e-m+fp/hard\libm.a(lib_a-sf_lrint.o)
                              ./Core/Src/dshot.o (lrintf)
c:/st/stm32cubeide_1.10.1/stm32cubeide/plugins/com.st.stm32cube.ide.mcu.externaltools.gnu-tools-for-stm32.10.3-2021.10.win32_1.0.200.202301161003/tools/bin/../lib/gcc/arm-none-eabi/10.3.1/thumb/v7e-m+fp/hard\libgcc.a(_arm_muldf3.o)
                              ./Core/Src/main.o (__aeabi_dmul)
c:/st/stm32cubeide_1.10.1/stm32cubeide/plugins/com.st.stm32cube.ide.mcu.externaltools.gnu-tools-for-stm32.10.3-2021.10.win32_1.0.200.202301161003/tools/bin/../lib/gcc/arm-none-eabi/10.3.1/thumb/v7e-m+fp/hard\libgcc.a(_arm_addsubdf3.o)
                              ./Core/Src/main.o (__aeabi_dsub)
c:/st/stm32cubeide_1.10.1/stm32cubeide/plugins/com.st.stm32cube.ide.mcu.externaltools.gnu-tools-for-stm32.10.3-2021.10.win32_1.0.200.202301161003/tools/bin/../lib/gcc/arm-none-eabi/10.3.1/thumb/v7e-m+fp/hard\libgcc.a(_arm_truncdfsf2.o)
                              ./Core/Src/main.o (__aeabi_d2f)

Discarded input sections

 .text          0x0000000000000000        0x0 c:/st/stm32cubeide_1.10.1/stm32cubeide/plugins/com.st.stm32cube.ide.mcu.externaltools.gnu-tools-for-stm32.10.3-2021.10.win32_1.0.200.202301161003/tools/bin/../lib/gcc/arm-none-eabi/10.3.1/thumb/v7e-m+fp/hard/crti.o
 .data          0x0000000000000000        0x0 c:/st/stm32cubeide_1.10.1/stm32cubeide/plugins/com.st.stm32cube.ide.mcu.externaltools.gnu-tools-for-stm32.10.3-2021.10.win32_1.0.200.202301161003/tools/bin/../lib/gcc/arm-none-eabi/10.3.1/thumb/v7e-m+fp/hard/crti.o
 .bss           0x0000000000000000        0x0 c:/st/stm32cubeide_1.10.1/stm32cubeide/plugins/com.st.stm32cube.ide.mcu.externaltools.gnu-tools-for-stm32.10.3-2021.10.win32_1.0.200.202301161003/tools/bin/../lib/gcc/arm-none-eabi/10.3.1/thumb/v7e-m+fp/hard/crti.o
 .data          0x0000000000000000        0x4 c:/st/stm32cubeide_1.10.1/stm32cubeide/plugins/com.st.stm32cube.ide.mcu.externaltools.gnu-tools-for-stm32.10.3-2021.10.win32_1.0.200.202301161003/tools/bin/../lib/gcc/arm-none-eabi/10.3.1/thumb/v7e-m+fp/hard/crtbegin.o
[...]
Memory Configuration

Name             Origin             Length             Attributes
CCMRAM           0x0000000010000000 0x0000000000001000 xrw
RAM              0x0000000020000000 0x0000000000003000 xrw
FLASH            0x0000000008000000 0x0000000000010000 xr
*default*        0x0000000000000000 0xffffffffffffffff

Linker script and memory map

LOAD c:/st/stm32cubeide_1.10.1/stm32cubeide/plugins/com.st.stm32cube.ide.mcu.externaltools.gnu-tools-for-stm32.10.3-2021.10.win32_1.0.200.202301161003/tools/bin/../lib/gcc/arm-none-eabi/10.3.1/thumb/v7e-m+fp/hard/crti.o
LOAD c:/st/stm32cubeide_1.10.1/stm32cubeide/plugins/com.st.stm32cube.ide.mcu.externaltools.gnu-tools-for-stm32.10.3-2021.10.win32_1.0.200.202301161003/tools/bin/../lib/gcc/arm-none-eabi/10.3.1/thumb/v7e-m+fp/hard/crtbegin.o
LOAD c:/st/stm32cubeide_1.10.1/stm32cubeide/plugins/com.st.stm32cube.ide.mcu.externaltools.gnu-tools-for-stm32.10.3-2021.10.win32_1.0.200.202301161003/tools/bin/../lib/gcc/arm-none-eabi/10.3.1/../../../../arm-none-eabi/lib/thumb/v7e-m+fp/hard/crt0.o
LOAD ./Core/Src/dshot.o
LOAD ./Core/Src/main.o
LOAD ./Core/Src/stm32f3xx_hal_msp.o
LOAD ./Core/Src/stm32f3xx_it.o
LOAD ./Core/Src/syscalls.o
LOAD ./Core/Src/sysmem.o
LOAD ./Core/Src/system_stm32f3xx.o
LOAD ./Core/Startup/startup_stm32f303k8tx.o
LOAD ./Drivers/STM32F3xx_HAL_Driver/Src/stm32f3xx_hal.o
LOAD ./Drivers/STM32F3xx_HAL_Driver/Src/stm32f3xx_hal_adc.o
LOAD ./Drivers/STM32F3xx_HAL_Driver/Src/stm32f3xx_hal_adc_ex.o
LOAD ./Drivers/STM32F3xx_HAL_Driver/Src/stm32f3xx_hal_can.o
LOAD ./Drivers/STM32F3xx_HAL_Driver/Src/stm32f3xx_hal_cortex.o
LOAD ./Drivers/STM32F3xx_HAL_Driver/Src/stm32f3xx_hal_dma.o
LOAD ./Drivers/STM32F3xx_HAL_Driver/Src/stm32f3xx_hal_exti.o
LOAD ./Drivers/STM32F3xx_HAL_Driver/Src/stm32f3xx_hal_flash.o
LOAD ./Drivers/STM32F3xx_HAL_Driver/Src/stm32f3xx_hal_flash_ex.o
LOAD ./Drivers/STM32F3xx_HAL_Driver/Src/stm32f3xx_hal_gpio.o
LOAD ./Drivers/STM32F3xx_HAL_Driver/Src/stm32f3xx_hal_i2c.o
LOAD ./Drivers/STM32F3xx_HAL_Driver/Src/stm32f3xx_hal_i2c_ex.o
LOAD ./Drivers/STM32F3xx_HAL_Driver/Src/stm32f3xx_hal_pwr.o
LOAD ./Drivers/STM32F3xx_HAL_Driver/Src/stm32f3xx_hal_pwr_ex.o
LOAD ./Drivers/STM32F3xx_HAL_Driver/Src/stm32f3xx_hal_rcc.o
LOAD ./Drivers/STM32F3xx_HAL_Driver/Src/stm32f3xx_hal_rcc_ex.o
LOAD ./Drivers/STM32F3xx_HAL_Driver/Src/stm32f3xx_hal_tim.o
LOAD ./Drivers/STM32F3xx_HAL_Driver/Src/stm32f3xx_hal_tim_ex.o
LOAD ./Drivers/STM32F3xx_HAL_Driver/Src/stm32f3xx_hal_uart.o
LOAD ./Drivers/STM32F3xx_HAL_Driver/Src/stm32f3xx_hal_uart_ex.o
START GROUP
LOAD c:/st/stm32cubeide_1.10.1/stm32cubeide/plugins/com.st.stm32cube.ide.mcu.externaltools.gnu-tools-for-stm32.10.3-2021.10.win32_1.0.200.202301161003/tools/bin/../lib/gcc/arm-none-eabi/10.3.1/../../../../arm-none-eabi/lib/thumb/v7e-m+fp/hard\libc_nano.a
LOAD c:/st/stm32cubeide_1.10.1/stm32cubeide/plugins/com.st.stm32cube.ide.mcu.externaltools.gnu-tools-for-stm32.10.3-2021.10.win32_1.0.200.202301161003/tools/bin/../lib/gcc/arm-none-eabi/10.3.1/../../../../arm-none-eabi/lib/thumb/v7e-m+fp/hard\libm.a
END GROUP
START GROUP
LOAD c:/st/stm32cubeide_1.10.1/stm32cubeide/plugins/com.st.stm32cube.ide.mcu.externaltools.gnu-tools-for-stm32.10.3-2021.10.win32_1.0.200.202301161003/tools/bin/../lib/gcc/arm-none-eabi/10.3.1/thumb/v7e-m+fp/hard\libgcc.a
LOAD c:/st/stm32cubeide_1.10.1/stm32cubeide/plugins/com.st.stm32cube.ide.mcu.externaltools.gnu-tools-for-stm32.10.3-2021.10.win32_1.0.200.202301161003/tools/bin/../lib/gcc/arm-none-eabi/10.3.1/../../../../arm-none-eabi/lib/thumb/v7e-m+fp/hard\libc_nano.a
END GROUP
START GROUP
LOAD c:/st/stm32cubeide_1.10.1/stm32cubeide/plugins/com.st.stm32cube.ide.mcu.externaltools.gnu-tools-for-stm32.10.3-2021.10.win32_1.0.200.202301161003/tools/bin/../lib/gcc/arm-none-eabi/10.3.1/thumb/v7e-m+fp/hard\libgcc.a
LOAD c:/st/stm32cubeide_1.10.1/stm32cubeide/plugins/com.st.stm32cube.ide.mcu.externaltools.gnu-tools-for-stm32.10.3-2021.10.win32_1.0.200.202301161003/tools/bin/../lib/gcc/arm-none-eabi/10.3.1/../../../../arm-none-eabi/lib/thumb/v7e-m+fp/hard\libc_nano.a
LOAD c:/st/stm32cubeide_1.10.1/stm32cubeide/plugins/com.st.stm32cube.ide.mcu.externaltools.gnu-tools-for-stm32.10.3-2021.10.win32_1.0.200.202301161003/tools/bin/../lib/gcc/arm-none-eabi/10.3.1/../../../../arm-none-eabi/lib/thumb/v7e-m+fp/hard\libnosys.a
END GROUP
START GROUP
LOAD c:/st/stm32cubeide_1.10.1/stm32cubeide/plugins/com.st.stm32cube.ide.mcu.externaltools.gnu-tools-for-stm32.10.3-2021.10.win32_1.0.200.202301161003/tools/bin/../lib/gcc/arm-none-eabi/10.3.1/thumb/v7e-m+fp/hard\libgcc.a
LOAD c:/st/stm32cubeide_1.10.1/stm32cubeide/plugins/com.st.stm32cube.ide.mcu.externaltools.gnu-tools-for-stm32.10.3-2021.10.win32_1.0.200.202301161003/tools/bin/../lib/gcc/arm-none-eabi/10.3.1/../../../../arm-none-eabi/lib/thumb/v7e-m+fp/hard\libc_nano.a
LOAD c:/st/stm32cubeide_1.10.1/stm32cubeide/plugins/com.st.stm32cube.ide.mcu.externaltools.gnu-tools-for-stm32.10.3-2021.10.win32_1.0.200.202301161003/tools/bin/../lib/gcc/arm-none-eabi/10.3.1/../../../../arm-none-eabi/lib/thumb/v7e-m+fp/hard\libnosys.a
END GROUP
LOAD c:/st/stm32cubeide_1.10.1/stm32cubeide/plugins/com.st.stm32cube.ide.mcu.externaltools.gnu-tools-for-stm32.10.3-2021.10.win32_1.0.200.202301161003/tools/bin/../lib/gcc/arm-none-eabi/10.3.1/thumb/v7e-m+fp/hard/crtend.o
LOAD c:/st/stm32cubeide_1.10.1/stm32cubeide/plugins/com.st.stm32cube.ide.mcu.externaltools.gnu-tools-for-stm32.10.3-2021.10.win32_1.0.200.202301161003/tools/bin/../lib/gcc/arm-none-eabi/10.3.1/thumb/v7e-m+fp/hard/crtn.o
                0x0000000020003000                _estack = (ORIGIN (RAM) + LENGTH (RAM))
                0x0000000000000200                _Min_Heap_Size = 0x200
                0x0000000000000400                _Min_Stack_Size = 0x400

.isr_vector     0x0000000008000000      0x188
                0x0000000008000000                . = ALIGN (0x4)
 *(.isr_vector)
 .isr_vector    0x0000000008000000      0x188 ./Core/Startup/startup_stm32f303k8tx.o
                0x0000000008000000                g_pfnVectors
                0x0000000008000188                . = ALIGN (0x4)

.text           0x0000000008000188     0x7804
                0x0000000008000188                . = ALIGN (0x4)
 *(.text)
 .text          0x0000000008000188       0x40 c:/st/stm32cubeide_1.10.1/stm32cubeide/plugins/com.st.stm32cube.ide.mcu.externaltools.gnu-tools-for-stm32.10.3-2021.10.win32_1.0.200.202301161003/tools/bin/../lib/gcc/arm-none-eabi/10.3.1/thumb/v7e-m+fp/hard/crtbegin.o
 .text          0x00000000080001c8      0x254 c:/st/stm32cubeide_1.10.1/stm32cubeide/plugins/com.st.stm32cube.ide.mcu.externaltools.gnu-tools-for-stm32.10.3-2021.10.win32_1.0.200.202301161003/tools/bin/../lib/gcc/arm-none-eabi/10.3.1/thumb/v7e-m+fp/hard\libgcc.a(_arm_muldf3.o)
                0x00000000080001c8                __muldf3
                0x00000000080001c8                __aeabi_dmul
 .text          0x000000000800041c      0x378 c:/st/stm32cubeide_1.10.1/stm32cubeide/plugins/com.st.stm32cube.ide.mcu.externaltools.gnu-tools-for-stm32.10.3-2021.10.win32_1.0.200.202301161003/tools/bin/../lib/gcc/arm-none-eabi/10.3.1/thumb/v7e-m+fp/hard\libgcc.a(_arm_addsubdf3.o)
                0x000000000800041c                __aeabi_drsub
                0x0000000008000424                __aeabi_dsub
                0x0000000008000424                __subdf3
                0x0000000008000428                __aeabi_dadd
                0x0000000008000428                __adddf3
                0x00000000080006a0                __floatunsidf
                0x00000000080006a0                __aeabi_ui2d
                0x00000000080006c0                __floatsidf
                0x00000000080006c0                __aeabi_i2d
                0x00000000080006e4                __aeabi_f2d
                0x00000000080006e4                __extendsfdf2
                0x0000000008000728                __floatundidf
                0x0000000008000728                __aeabi_ul2d
                0x0000000008000738                __floatdidf
                0x0000000008000738                __aeabi_l2d
 .text          0x0000000008000794       0xa0 c:/st/stm32cubeide_1.10.1/stm32cubeide/plugins/com.st.stm32cube.ide.mcu.externaltools.gnu-tools-for-stm32.10.3-2021.10.win32_1.0.200.202301161003/tools/bin/../lib/gcc/arm-none-eabi/10.3.1/thumb/v7e-m+fp/hard\libgcc.a(_arm_truncdfsf2.o)
                0x0000000008000794                __truncdfsf2
                0x0000000008000794                __aeabi_d2f
 *(.text*)
 .text.dshot_init
                0x0000000008000834       0x2c ./Core/Src/dshot.o
                0x0000000008000834                dshot_init
 .text.dshot_write
                0x0000000008000860       0x2c ./Core/Src/dshot.o
                0x0000000008000860                dshot_write
 .text.dshot_choose_type
                0x000000000800088c       0x38 ./Core/Src/dshot.o
 .text.dshot_set_timer
                0x00000000080008c4       0xd8 ./Core/Src/dshot.o
 .text.dshot_dma_tc_callback
                0x000000000800099c       0xa4 ./Core/Src/dshot.o
 .text.dshot_put_tc_callback_function
                0x0000000008000a40       0x48 ./Core/Src/dshot.o
 .text.dshot_start_pwm
                0x0000000008000a88       0x3c ./Core/Src/dshot.o
 .text.dshot_prepare_packet
                0x0000000008000ac4       0x6a ./Core/Src/dshot.o
 .text.dshot_prepare_dmabuffer
                0x0000000008000b2e       0x60 ./Core/Src/dshot.o
 *fill*         0x0000000008000b8e        0x2 
 .text.dshot_prepare_dmabuffer_all
                0x0000000008000b90       0x68 ./Core/Src/dshot.o
 .text.dshot_dma_start
                0x0000000008000bf8       0x8c ./Core/Src/dshot.o
 .text.dshot_enable_dma_request
                0x0000000008000c84       0x6c ./Core/Src/dshot.o
 .text.main     0x0000000008000cf0      0x764 ./Core/Src/main.o
                0x0000000008000cf0                main
 .text.SystemClock_Config
                0x0000000008001454       0xba ./Core/Src/main.o
                0x0000000008001454                SystemClock_Config
 *fill*         0x000000000800150e        0x2 
 .text.MX_ADC1_Init
                0x0000000008001510       0xe0 ./Core/Src/main.o
 .text.MX_CAN_Init
                0x00000000080015f0       0x68 ./Core/Src/main.o
 .text.MX_I2C1_Init
                0x0000000008001658       0x80 ./Core/Src/main.o
 .text.MX_TIM1_Init
                0x00000000080016d8      0x120 ./Core/Src/main.o
 .text.MX_TIM2_Init
                0x00000000080017f8       0xc8 ./Core/Src/main.o
 .text.MX_TIM3_Init
                0x00000000080018c0       0xcc ./Core/Src/main.o
 .text.MX_TIM6_Init
                0x000000000800198c       0x6c ./Core/Src/main.o
 .text.MX_USART2_UART_Init
                0x00000000080019f8       0x60 ./Core/Src/main.o
 .text.MX_DMA_Init
                0x0000000008001a58       0x7c ./Core/Src/main.o
 .text.MX_GPIO_Init
                0x0000000008001ad4      0x100 ./Core/Src/main.o
 .text.HAL_TIM_PeriodElapsedCallback
                0x0000000008001bd4       0x34 ./Core/Src/main.o
                0x0000000008001bd4                HAL_TIM_PeriodElapsedCallback
 .text.Error_Handler
                0x0000000008001c08        0xa ./Core/Src/main.o
                0x0000000008001c08                Error_Handler
 *fill*         0x0000000008001c12        0x2 
 .text.HAL_MspInit
                0x0000000008001c14       0x48 ./Core/Src/stm32f3xx_hal_msp.o
                0x0000000008001c14                HAL_MspInit
 .text.HAL_ADC_MspInit
                0x0000000008001c5c       0x78 ./Core/Src/stm32f3xx_hal_msp.o
                0x0000000008001c5c                HAL_ADC_MspInit
 .text.HAL_CAN_MspInit
                0x0000000008001cd4       0x88 ./Core/Src/stm32f3xx_hal_msp.o
                0x0000000008001cd4                HAL_CAN_MspInit
 .text.HAL_I2C_MspInit
                0x0000000008001d5c       0x98 ./Core/Src/stm32f3xx_hal_msp.o
                0x0000000008001d5c                HAL_I2C_MspInit
 .text.HAL_TIM_PWM_MspInit
                0x0000000008001df4      0x260 ./Core/Src/stm32f3xx_hal_msp.o
                0x0000000008001df4                HAL_TIM_PWM_MspInit
 .text.HAL_TIM_Base_MspInit
                0x0000000008002054       0x4c ./Core/Src/stm32f3xx_hal_msp.o
                0x0000000008002054                HAL_TIM_Base_MspInit
 .text.HAL_TIM_MspPostInit
                0x00000000080020a0      0x160 ./Core/Src/stm32f3xx_hal_msp.o
                0x00000000080020a0                HAL_TIM_MspPostInit
 .text.HAL_UART_MspInit
                0x0000000008002200       0x88 ./Core/Src/stm32f3xx_hal_msp.o
                0x0000000008002200                HAL_UART_MspInit
 .text.NMI_Handler
                0x0000000008002288        0x6 ./Core/Src/stm32f3xx_it.o
                0x0000000008002288                NMI_Handler
 .text.HardFault_Handler
                0x000000000800228e        0x6 ./Core/Src/stm32f3xx_it.o
                0x000000000800228e                HardFault_Handler
 .text.MemManage_Handler
                0x0000000008002294        0x6 ./Core/Src/stm32f3xx_it.o
                0x0000000008002294                MemManage_Handler
 .text.BusFault_Handler
                0x000000000800229a        0x6 ./Core/Src/stm32f3xx_it.o
                0x000000000800229a                BusFault_Handler
 .text.UsageFault_Handler
                0x00000000080022a0        0x6 ./Core/Src/stm32f3xx_it.o
                0x00000000080022a0                UsageFault_Handler
 .text.SVC_Handler
                0x00000000080022a6        0xe ./Core/Src/stm32f3xx_it.o
                0x00000000080022a6                SVC_Handler
 .text.DebugMon_Handler
                0x00000000080022b4        0xe ./Core/Src/stm32f3xx_it.o
                0x00000000080022b4                DebugMon_Handler
 .text.PendSV_Handler
                0x00000000080022c2        0xe ./Core/Src/stm32f3xx_it.o
                0x00000000080022c2                PendSV_Handler
 .text.SysTick_Handler
                0x00000000080022d0        0xc ./Core/Src/stm32f3xx_it.o
                0x00000000080022d0                SysTick_Handler
 .text.DMA1_Channel1_IRQHandler
                0x00000000080022dc       0x14 ./Core/Src/stm32f3xx_it.o
                0x00000000080022dc                DMA1_Channel1_IRQHandler
 .text.DMA1_Channel2_IRQHandler
                0x00000000080022f0       0x14 ./Core/Src/stm32f3xx_it.o
                0x00000000080022f0                DMA1_Channel2_IRQHandler
 .text.DMA1_Channel3_IRQHandler
                0x0000000008002304       0x14 ./Core/Src/stm32f3xx_it.o
                0x0000000008002304                DMA1_Channel3_IRQHandler
 .text.DMA1_Channel5_IRQHandler
                0x0000000008002318       0x14 ./Core/Src/stm32f3xx_it.o
                0x0000000008002318                DMA1_Channel5_IRQHandler
 .text.DMA1_Channel6_IRQHandler
                0x000000000800232c       0x14 ./Core/Src/stm32f3xx_it.o
                0x000000000800232c                DMA1_Channel6_IRQHandler
 .text.TIM6_DAC1_IRQHandler
                0x0000000008002340       0x14 ./Core/Src/stm32f3xx_it.o
                0x0000000008002340                TIM6_DAC1_IRQHandler
 .text.SystemInit
                0x0000000008002354       0x24 ./Core/Src/system_stm32f3xx.o
                0x0000000008002354                SystemInit
 .text.Reset_Handler
                0x0000000008002378       0x50 ./Core/Startup/startup_stm32f303k8tx.o
                0x0000000008002378                Reset_Handler
 .text.Default_Handler
                0x00000000080023c8        0x2 ./Core/Startup/startup_stm32f303k8tx.o
                0x00000000080023c8                RTC_Alarm_IRQHandler
                0x00000000080023c8                TIM1_CC_IRQHandler
                0x00000000080023c8                PVD_IRQHandler
                0x00000000080023c8                TAMP_STAMP_IRQHandler
                0x00000000080023c8                EXTI3_IRQHandler
                0x00000000080023c8                EXTI0_IRQHandler
                0x00000000080023c8                FPU_IRQHandler
                0x00000000080023c8                CAN_TX_IRQHandler
                0x00000000080023c8                TIM1_UP_TIM16_IRQHandler
                0x00000000080023c8                ADC1_2_IRQHandler
                0x00000000080023c8                SPI1_IRQHandler
                0x00000000080023c8                CAN_SCE_IRQHandler
                0x00000000080023c8                DMA1_Channel4_IRQHandler
                0x00000000080023c8                USART3_IRQHandler
                0x00000000080023c8                DMA1_Channel7_IRQHandler
                0x00000000080023c8                TIM7_DAC2_IRQHandler
                0x00000000080023c8                CAN_RX1_IRQHandler
                0x00000000080023c8                I2C1_EV_IRQHandler
                0x00000000080023c8                TIM3_IRQHandler
                0x00000000080023c8                RCC_IRQHandler
                0x00000000080023c8                Default_Handler
                0x00000000080023c8                EXTI15_10_IRQHandler
                0x00000000080023c8                COMP2_IRQHandler
                0x00000000080023c8                EXTI9_5_IRQHandler
                0x00000000080023c8                RTC_WKUP_IRQHandler
                0x00000000080023c8                EXTI4_IRQHandler
                0x00000000080023c8                TIM1_TRG_COM_TIM17_IRQHandler
                0x00000000080023c8                WWDG_IRQHandler
                0x00000000080023c8                TIM2_IRQHandler
                0x00000000080023c8                EXTI1_IRQHandler
                0x00000000080023c8                COMP4_6_IRQHandler
                0x00000000080023c8                USART2_IRQHandler
                0x00000000080023c8                FLASH_IRQHandler
                0x00000000080023c8                USART1_IRQHandler
                0x00000000080023c8                CAN_RX0_IRQHandler
                0x00000000080023c8                I2C1_ER_IRQHandler
                0x00000000080023c8                EXTI2_TSC_IRQHandler
                0x00000000080023c8                TIM1_BRK_TIM15_IRQHandler
 *fill*         0x00000000080023ca        0x2 
 .text.HAL_Init
                0x00000000080023cc       0x2c ./Drivers/STM32F3xx_HAL_Driver/Src/stm32f3xx_hal.o
                0x00000000080023cc                HAL_Init
 .text.HAL_InitTick
                0x00000000080023f8       0x60 ./Drivers/STM32F3xx_HAL_Driver/Src/stm32f3xx_hal.o
                0x00000000080023f8                HAL_InitTick
 .text.HAL_IncTick
                0x0000000008002458       0x28 ./Drivers/STM32F3xx_HAL_Driver/Src/stm32f3xx_hal.o
                0x0000000008002458                HAL_IncTick
 .text.HAL_GetTick
                0x0000000008002480       0x18 ./Drivers/STM32F3xx_HAL_Driver/Src/stm32f3xx_hal.o
                0x0000000008002480                HAL_GetTick
 .text.HAL_Delay
                0x0000000008002498       0x48 ./Drivers/STM32F3xx_HAL_Driver/Src/stm32f3xx_hal.o
                0x0000000008002498                HAL_Delay
 .text.HAL_ADC_Init
                0x00000000080024e0      0x324 ./Drivers/STM32F3xx_HAL_Driver/Src/stm32f3xx_hal_adc_ex.o
                0x00000000080024e0                HAL_ADC_Init
 .text.HAL_ADC_Start
                0x0000000008002804      0x16c ./Drivers/STM32F3xx_HAL_Driver/Src/stm32f3xx_hal_adc_ex.o
                0x0000000008002804                HAL_ADC_Start
 .text.HAL_ADC_PollForConversion
                0x0000000008002970      0x19c ./Drivers/STM32F3xx_HAL_Driver/Src/stm32f3xx_hal_adc_ex.o
                0x0000000008002970                HAL_ADC_PollForConversion
 .text.HAL_ADC_GetValue
                0x0000000008002b0c       0x1a ./Drivers/STM32F3xx_HAL_Driver/Src/stm32f3xx_hal_adc_ex.o
                0x0000000008002b0c                HAL_ADC_GetValue
 *fill*         0x0000000008002b26        0x2 
 .text.HAL_ADC_ConfigChannel
                0x0000000008002b28      0x580 ./Drivers/STM32F3xx_HAL_Driver/Src/stm32f3xx_hal_adc_ex.o
                0x0000000008002b28                HAL_ADC_ConfigChannel
 .text.HAL_ADCEx_MultiModeConfigChannel
                0x00000000080030a8      0x18c ./Drivers/STM32F3xx_HAL_Driver/Src/stm32f3xx_hal_adc_ex.o
                0x00000000080030a8                HAL_ADCEx_MultiModeConfigChannel
 .text.ADC_Enable
                0x0000000008003234       0xc8 ./Drivers/STM32F3xx_HAL_Driver/Src/stm32f3xx_hal_adc_ex.o
 .text.ADC_Disable
                0x00000000080032fc       0xcc ./Drivers/STM32F3xx_HAL_Driver/Src/stm32f3xx_hal_adc_ex.o
 .text.HAL_CAN_Init
                0x00000000080033c8      0x1f6 ./Drivers/STM32F3xx_HAL_Driver/Src/stm32f3xx_hal_can.o
                0x00000000080033c8                HAL_CAN_Init
 *fill*         0x00000000080035be        0x2 
 .text.__NVIC_SetPriorityGrouping
                0x00000000080035c0       0x48 ./Drivers/STM32F3xx_HAL_Driver/Src/stm32f3xx_hal_cortex.o
 .text.__NVIC_GetPriorityGrouping
                0x0000000008003608       0x1c ./Drivers/STM32F3xx_HAL_Driver/Src/stm32f3xx_hal_cortex.o
 .text.__NVIC_EnableIRQ
                0x0000000008003624       0x3c ./Drivers/STM32F3xx_HAL_Driver/Src/stm32f3xx_hal_cortex.o
 .text.__NVIC_SetPriority
                0x0000000008003660       0x54 ./Drivers/STM32F3xx_HAL_Driver/Src/stm32f3xx_hal_cortex.o
 .text.NVIC_EncodePriority
                0x00000000080036b4       0x66 ./Drivers/STM32F3xx_HAL_Driver/Src/stm32f3xx_hal_cortex.o
 *fill*         0x000000000800371a        0x2 
 .text.SysTick_Config
                0x000000000800371c       0x44 ./Drivers/STM32F3xx_HAL_Driver/Src/stm32f3xx_hal_cortex.o
 .text.HAL_NVIC_SetPriorityGrouping
                0x0000000008003760       0x16 ./Drivers/STM32F3xx_HAL_Driver/Src/stm32f3xx_hal_cortex.o
                0x0000000008003760                HAL_NVIC_SetPriorityGrouping
 .text.HAL_NVIC_SetPriority
                0x0000000008003776       0x38 ./Drivers/STM32F3xx_HAL_Driver/Src/stm32f3xx_hal_cortex.o
                0x0000000008003776                HAL_NVIC_SetPriority
 .text.HAL_NVIC_EnableIRQ
                0x00000000080037ae       0x1c ./Drivers/STM32F3xx_HAL_Driver/Src/stm32f3xx_hal_cortex.o
                0x00000000080037ae                HAL_NVIC_EnableIRQ
 .text.HAL_SYSTICK_Config
                0x00000000080037ca       0x18 ./Drivers/STM32F3xx_HAL_Driver/Src/stm32f3xx_hal_cortex.o
                0x00000000080037ca                HAL_SYSTICK_Config
 .text.HAL_DMA_Init
                0x00000000080037e2       0x8e ./Drivers/STM32F3xx_HAL_Driver/Src/stm32f3xx_hal_dma.o
                0x00000000080037e2                HAL_DMA_Init
 .text.HAL_DMA_Start_IT
                0x0000000008003870       0xbe ./Drivers/STM32F3xx_HAL_Driver/Src/stm32f3xx_hal_dma.o
                0x0000000008003870                HAL_DMA_Start_IT
 .text.HAL_DMA_IRQHandler
                0x000000000800392e      0x146 ./Drivers/STM32F3xx_HAL_Driver/Src/stm32f3xx_hal_dma.o
                0x000000000800392e                HAL_DMA_IRQHandler
 .text.DMA_SetConfig
                0x0000000008003a74       0x5c ./Drivers/STM32F3xx_HAL_Driver/Src/stm32f3xx_hal_dma.o
 .text.DMA_CalcBaseAndBitshift
                0x0000000008003ad0       0x40 ./Drivers/STM32F3xx_HAL_Driver/Src/stm32f3xx_hal_dma.o
 .text.HAL_GPIO_Init
                0x0000000008003b10      0x2e4 ./Drivers/STM32F3xx_HAL_Driver/Src/stm32f3xx_hal_gpio.o
                0x0000000008003b10                HAL_GPIO_Init
 .text.HAL_GPIO_WritePin
                0x0000000008003df4       0x30 ./Drivers/STM32F3xx_HAL_Driver/Src/stm32f3xx_hal_gpio.o
                0x0000000008003df4                HAL_GPIO_WritePin
 .text.HAL_GPIO_TogglePin
                0x0000000008003e24       0x34 ./Drivers/STM32F3xx_HAL_Driver/Src/stm32f3xx_hal_gpio.o
                0x0000000008003e24                HAL_GPIO_TogglePin
 .text.HAL_I2C_Init
                0x0000000008003e58      0x11e ./Drivers/STM32F3xx_HAL_Driver/Src/stm32f3xx_hal_i2c.o
                0x0000000008003e58                HAL_I2C_Init
 *fill*         0x0000000008003f76        0x2 
 .text.HAL_I2C_Master_Receive
                0x0000000008003f78      0x1ec ./Drivers/STM32F3xx_HAL_Driver/Src/stm32f3xx_hal_i2c.o
                0x0000000008003f78                HAL_I2C_Master_Receive
 .text.I2C_Flush_TXDR
                0x0000000008004164       0x48 ./Drivers/STM32F3xx_HAL_Driver/Src/stm32f3xx_hal_i2c.o
 .text.I2C_WaitOnFlagUntilTimeout
                0x00000000080041ac       0x9e ./Drivers/STM32F3xx_HAL_Driver/Src/stm32f3xx_hal_i2c.o
 .text.I2C_WaitOnSTOPFlagUntilTimeout
                0x000000000800424a       0x86 ./Drivers/STM32F3xx_HAL_Driver/Src/stm32f3xx_hal_i2c.o
 .text.I2C_WaitOnRXNEFlagUntilTimeout
                0x00000000080042d0      0x104 ./Drivers/STM32F3xx_HAL_Driver/Src/stm32f3xx_hal_i2c.o
 .text.I2C_IsErrorOccurred
                0x00000000080043d4      0x1c0 ./Drivers/STM32F3xx_HAL_Driver/Src/stm32f3xx_hal_i2c.o
 .text.I2C_TransferConfig
                0x0000000008004594       0x64 ./Drivers/STM32F3xx_HAL_Driver/Src/stm32f3xx_hal_i2c.o
 .text.HAL_I2CEx_ConfigAnalogFilter
                0x00000000080045f8       0x96 ./Drivers/STM32F3xx_HAL_Driver/Src/stm32f3xx_hal_i2c_ex.o
                0x00000000080045f8                HAL_I2CEx_ConfigAnalogFilter
 .text.HAL_I2CEx_ConfigDigitalFilter
                0x000000000800468e       0x98 ./Drivers/STM32F3xx_HAL_Driver/Src/stm32f3xx_hal_i2c_ex.o
                0x000000000800468e                HAL_I2CEx_ConfigDigitalFilter
 *fill*         0x0000000008004726        0x2 
 .text.HAL_I2CEx_EnableFastModePlus
                0x0000000008004728       0x40 ./Drivers/STM32F3xx_HAL_Driver/Src/stm32f3xx_hal_i2c_ex.o
                0x0000000008004728                HAL_I2CEx_EnableFastModePlus
 .text.HAL_RCC_OscConfig
                0x0000000008004768     0x107c ./Drivers/STM32F3xx_HAL_Driver/Src/stm32f3xx_hal_rcc.o
                0x0000000008004768                HAL_RCC_OscConfig
 .text.HAL_RCC_ClockConfig
                0x00000000080057e4      0x2f8 ./Drivers/STM32F3xx_HAL_Driver/Src/stm32f3xx_hal_rcc.o
                0x00000000080057e4                HAL_RCC_ClockConfig
 .text.HAL_RCC_GetSysClockFreq
                0x0000000008005adc       0xd4 ./Drivers/STM32F3xx_HAL_Driver/Src/stm32f3xx_hal_rcc.o
                0x0000000008005adc                HAL_RCC_GetSysClockFreq
 .text.HAL_RCC_GetHCLKFreq
                0x0000000008005bb0       0x18 ./Drivers/STM32F3xx_HAL_Driver/Src/stm32f3xx_hal_rcc.o
                0x0000000008005bb0                HAL_RCC_GetHCLKFreq
 .text.HAL_RCC_GetPCLK1Freq
                0x0000000008005bc8       0x44 ./Drivers/STM32F3xx_HAL_Driver/Src/stm32f3xx_hal_rcc.o
                0x0000000008005bc8                HAL_RCC_GetPCLK1Freq
 .text.HAL_RCC_GetPCLK2Freq
                0x0000000008005c0c       0x44 ./Drivers/STM32F3xx_HAL_Driver/Src/stm32f3xx_hal_rcc.o
                0x0000000008005c0c                HAL_RCC_GetPCLK2Freq
 .text.HAL_RCCEx_PeriphCLKConfig
                0x0000000008005c50      0x24c ./Drivers/STM32F3xx_HAL_Driver/Src/stm32f3xx_hal_rcc_ex.o
                0x0000000008005c50                HAL_RCCEx_PeriphCLKConfig
 .text.HAL_TIM_Base_Init
                0x0000000008005e9c       0xae ./Drivers/STM32F3xx_HAL_Driver/Src/stm32f3xx_hal_tim.o
                0x0000000008005e9c                HAL_TIM_Base_Init
 *fill*         0x0000000008005f4a        0x2 
 .text.HAL_TIM_Base_Start_IT
                0x0000000008005f4c       0xb8 ./Drivers/STM32F3xx_HAL_Driver/Src/stm32f3xx_hal_tim.o
                0x0000000008005f4c                HAL_TIM_Base_Start_IT
 .text.HAL_TIM_PWM_Init
                0x0000000008006004       0xae ./Drivers/STM32F3xx_HAL_Driver/Src/stm32f3xx_hal_tim.o
                0x0000000008006004                HAL_TIM_PWM_Init
 *fill*         0x00000000080060b2        0x2 
 .text.HAL_TIM_PWM_Start
                0x00000000080060b4      0x1d8 ./Drivers/STM32F3xx_HAL_Driver/Src/stm32f3xx_hal_tim.o
                0x00000000080060b4                HAL_TIM_PWM_Start
 .text.HAL_TIM_IRQHandler
                0x000000000800628c      0x23e ./Drivers/STM32F3xx_HAL_Driver/Src/stm32f3xx_hal_tim.o
                0x000000000800628c                HAL_TIM_IRQHandler
 *fill*         0x00000000080064ca        0x2 
 .text.HAL_TIM_PWM_ConfigChannel
                0x00000000080064cc      0x228 ./Drivers/STM32F3xx_HAL_Driver/Src/stm32f3xx_hal_tim.o
                0x00000000080064cc                HAL_TIM_PWM_ConfigChannel
 .text.HAL_TIM_OC_DelayElapsedCallback
                0x00000000080066f4       0x14 ./Drivers/STM32F3xx_HAL_Driver/Src/stm32f3xx_hal_tim.o
                0x00000000080066f4                HAL_TIM_OC_DelayElapsedCallback
 .text.HAL_TIM_IC_CaptureCallback
                0x0000000008006708       0x14 ./Drivers/STM32F3xx_HAL_Driver/Src/stm32f3xx_hal_tim.o
                0x0000000008006708                HAL_TIM_IC_CaptureCallback
 .text.HAL_TIM_PWM_PulseFinishedCallback
                0x000000000800671c       0x14 ./Drivers/STM32F3xx_HAL_Driver/Src/stm32f3xx_hal_tim.o
                0x000000000800671c                HAL_TIM_PWM_PulseFinishedCallback
 .text.HAL_TIM_TriggerCallback
                0x0000000008006730       0x14 ./Drivers/STM32F3xx_HAL_Driver/Src/stm32f3xx_hal_tim.o
                0x0000000008006730                HAL_TIM_TriggerCallback
 .text.TIM_Base_SetConfig
                0x0000000008006744       0xf0 ./Drivers/STM32F3xx_HAL_Driver/Src/stm32f3xx_hal_tim.o
                0x0000000008006744                TIM_Base_SetConfig
 .text.TIM_OC1_SetConfig
                0x0000000008006834      0x10c ./Drivers/STM32F3xx_HAL_Driver/Src/stm32f3xx_hal_tim.o
 .text.TIM_OC2_SetConfig
                0x0000000008006940      0x100 ./Drivers/STM32F3xx_HAL_Driver/Src/stm32f3xx_hal_tim.o
                0x0000000008006940                TIM_OC2_SetConfig
 .text.TIM_OC3_SetConfig
                0x0000000008006a40       0xfc ./Drivers/STM32F3xx_HAL_Driver/Src/stm32f3xx_hal_tim.o
 .text.TIM_OC4_SetConfig
                0x0000000008006b3c       0xc8 ./Drivers/STM32F3xx_HAL_Driver/Src/stm32f3xx_hal_tim.o
 .text.TIM_OC5_SetConfig
                0x0000000008006c04       0xbc ./Drivers/STM32F3xx_HAL_Driver/Src/stm32f3xx_hal_tim.o
 .text.TIM_OC6_SetConfig
                0x0000000008006cc0       0xc0 ./Drivers/STM32F3xx_HAL_Driver/Src/stm32f3xx_hal_tim.o
 .text.TIM_CCxChannelCmd
                0x0000000008006d80       0x4a ./Drivers/STM32F3xx_HAL_Driver/Src/stm32f3xx_hal_tim.o
                0x0000000008006d80                TIM_CCxChannelCmd
 *fill*         0x0000000008006dca        0x2 
 .text.HAL_TIMEx_MasterConfigSynchronization
                0x0000000008006dcc       0xdc ./Drivers/STM32F3xx_HAL_Driver/Src/stm32f3xx_hal_tim_ex.o
                0x0000000008006dcc                HAL_TIMEx_MasterConfigSynchronization
 .text.HAL_TIMEx_ConfigBreakDeadTime
                0x0000000008006ea8       0xf0 ./Drivers/STM32F3xx_HAL_Driver/Src/stm32f3xx_hal_tim_ex.o
                0x0000000008006ea8                HAL_TIMEx_ConfigBreakDeadTime
 .text.HAL_TIMEx_CommutCallback
                0x0000000008006f98       0x14 ./Drivers/STM32F3xx_HAL_Driver/Src/stm32f3xx_hal_tim_ex.o
                0x0000000008006f98                HAL_TIMEx_CommutCallback
 .text.HAL_TIMEx_BreakCallback
                0x0000000008006fac       0x14 ./Drivers/STM32F3xx_HAL_Driver/Src/stm32f3xx_hal_tim_ex.o
                0x0000000008006fac                HAL_TIMEx_BreakCallback
 .text.HAL_TIMEx_Break2Callback
                0x0000000008006fc0       0x14 ./Drivers/STM32F3xx_HAL_Driver/Src/stm32f3xx_hal_tim_ex.o
                0x0000000008006fc0                HAL_TIMEx_Break2Callback
 .text.HAL_UART_Init
                0x0000000008006fd4       0x9c ./Drivers/STM32F3xx_HAL_Driver/Src/stm32f3xx_hal_uart.o
                0x0000000008006fd4                HAL_UART_Init
 .text.HAL_UART_Receive
                0x0000000008007070      0x192 ./Drivers/STM32F3xx_HAL_Driver/Src/stm32f3xx_hal_uart.o
                0x0000000008007070                HAL_UART_Receive
 *fill*         0x0000000008007202        0x2 
 .text.UART_SetConfig
                0x0000000008007204      0x26c ./Drivers/STM32F3xx_HAL_Driver/Src/stm32f3xx_hal_uart.o
                0x0000000008007204                UART_SetConfig
 .text.UART_AdvFeatureConfig
                0x0000000008007470      0x144 ./Drivers/STM32F3xx_HAL_Driver/Src/stm32f3xx_hal_uart.o
                0x0000000008007470                UART_AdvFeatureConfig
 .text.UART_CheckIdleState
                0x00000000080075b4      0x150 ./Drivers/STM32F3xx_HAL_Driver/Src/stm32f3xx_hal_uart.o
                0x00000000080075b4                UART_CheckIdleState
 .text.UART_WaitOnFlagUntilTimeout
                0x0000000008007704       0xce ./Drivers/STM32F3xx_HAL_Driver/Src/stm32f3xx_hal_uart.o
                0x0000000008007704                UART_WaitOnFlagUntilTimeout
 .text.UART_EndRxTransfer
                0x00000000080077d2       0xc8 ./Drivers/STM32F3xx_HAL_Driver/Src/stm32f3xx_hal_uart.o
 *fill*         0x000000000800789a        0x2 
 .text.__libc_init_array
                0x000000000800789c       0x48 c:/st/stm32cubeide_1.10.1/stm32cubeide/plugins/com.st.stm32cube.ide.mcu.externaltools.gnu-tools-for-stm32.10.3-2021.10.win32_1.0.200.202301161003/tools/bin/../lib/gcc/arm-none-eabi/10.3.1/../../../../arm-none-eabi/lib/thumb/v7e-m+fp/hard\libc_nano.a(lib_a-init.o)
                0x000000000800789c                __libc_init_array
 .text.memset   0x00000000080078e4       0x10 c:/st/stm32cubeide_1.10.1/stm32cubeide/plugins/com.st.stm32cube.ide.mcu.externaltools.gnu-tools-for-stm32.10.3-2021.10.win32_1.0.200.202301161003/tools/bin/../lib/gcc/arm-none-eabi/10.3.1/../../../../arm-none-eabi/lib/thumb/v7e-m+fp/hard\libc_nano.a(lib_a-memset.o)
                0x00000000080078e4                memset
 .text.lrintf   0x00000000080078f4       0x80 c:/st/stm32cubeide_1.10.1/stm32cubeide/plugins/com.st.stm32cube.ide.mcu.externaltools.gnu-tools-for-stm32.10.3-2021.10.win32_1.0.200.202301161003/tools/bin/../lib/gcc/arm-none-eabi/10.3.1/../../../../arm-none-eabi/lib/thumb/v7e-m+fp/hard\libm.a(lib_a-sf_lrint.o)
                0x00000000080078f4                lrintf
 *(.glue_7)
 .glue_7        0x0000000008007974        0x0 linker stubs
 *(.glue_7t)
 .glue_7t       0x0000000008007974        0x0 linker stubs
 *(.eh_frame)
 .eh_frame      0x0000000008007974        0x0 c:/st/stm32cubeide_1.10.1/stm32cubeide/plugins/com.st.stm32cube.ide.mcu.externaltools.gnu-tools-for-stm32.10.3-2021.10.win32_1.0.200.202301161003/tools/bin/../lib/gcc/arm-none-eabi/10.3.1/thumb/v7e-m+fp/hard/crtbegin.o
 *(.init)
 .init          0x0000000008007974        0x4 c:/st/stm32cubeide_1.10.1/stm32cubeide/plugins/com.st.stm32cube.ide.mcu.externaltools.gnu-tools-for-stm32.10.3-2021.10.win32_1.0.200.202301161003/tools/bin/../lib/gcc/arm-none-eabi/10.3.1/thumb/v7e-m+fp/hard/crti.o
                0x0000000008007974                _init
 .init          0x0000000008007978        0x8 c:/st/stm32cubeide_1.10.1/stm32cubeide/plugins/com.st.stm32cube.ide.mcu.externaltools.gnu-tools-for-stm32.10.3-2021.10.win32_1.0.200.202301161003/tools/bin/../lib/gcc/arm-none-eabi/10.3.1/thumb/v7e-m+fp/hard/crtn.o
 *(.fini)
 .fini          0x0000000008007980        0x4 c:/st/stm32cubeide_1.10.1/stm32cubeide/plugins/com.st.stm32cube.ide.mcu.externaltools.gnu-tools-for-stm32.10.3-2021.10.win32_1.0.200.202301161003/tools/bin/../lib/gcc/arm-none-eabi/10.3.1/thumb/v7e-m+fp/hard/crti.o
                0x0000000008007980                _fini
 .fini          0x0000000008007984        0x8 c:/st/stm32cubeide_1.10.1/stm32cubeide/plugins/com.st.stm32cube.ide.mcu.externaltools.gnu-tools-for-stm32.10.3-2021.10.win32_1.0.200.202301161003/tools/bin/../lib/gcc/arm-none-eabi/10.3.1/thumb/v7e-m+fp/hard/crtn.o
                0x000000000800798c                . = ALIGN (0x4)
                0x000000000800798c                _etext = .

.vfp11_veneer   0x000000000800798c        0x0
 .vfp11_veneer  0x000000000800798c        0x0 linker stubs

.v4_bx          0x000000000800798c        0x0
 .v4_bx         0x000000000800798c        0x0 linker stubs

.iplt           0x000000000800798c        0x0
 .iplt          0x000000000800798c        0x0 c:/st/stm32cubeide_1.10.1/stm32cubeide/plugins/com.st.stm32cube.ide.mcu.externaltools.gnu-tools-for-stm32.10.3-2021.10.win32_1.0.200.202301161003/tools/bin/../lib/gcc/arm-none-eabi/10.3.1/thumb/v7e-m+fp/hard/crtbegin.o

.rodata         0x000000000800798c       0x40
                0x000000000800798c                . = ALIGN (0x4)
 *(.rodata)
 *(.rodata*)
 .rodata.AHBPrescTable
                0x000000000800798c       0x10 ./Core/Src/system_stm32f3xx.o
                0x000000000800798c                AHBPrescTable
 .rodata.APBPrescTable
                0x000000000800799c        0x8 ./Core/Src/system_stm32f3xx.o
                0x000000000800799c                APBPrescTable
 .rodata.aPLLMULFactorTable
                0x00000000080079a4       0x10 ./Drivers/STM32F3xx_HAL_Driver/Src/stm32f3xx_hal_rcc.o
 .rodata.aPredivFactorTable
                0x00000000080079b4       0x10 ./Drivers/STM32F3xx_HAL_Driver/Src/stm32f3xx_hal_rcc.o
 .rodata.TWO23  0x00000000080079c4        0x8 c:/st/stm32cubeide_1.10.1/stm32cubeide/plugins/com.st.stm32cube.ide.mcu.externaltools.gnu-tools-for-stm32.10.3-2021.10.win32_1.0.200.202301161003/tools/bin/../lib/gcc/arm-none-eabi/10.3.1/../../../../arm-none-eabi/lib/thumb/v7e-m+fp/hard\libm.a(lib_a-sf_lrint.o)
                0x00000000080079cc                . = ALIGN (0x4)

.rel.dyn        0x00000000080079cc        0x0
 .rel.iplt      0x00000000080079cc        0x0 c:/st/stm32cubeide_1.10.1/stm32cubeide/plugins/com.st.stm32cube.ide.mcu.externaltools.gnu-tools-for-stm32.10.3-2021.10.win32_1.0.200.202301161003/tools/bin/../lib/gcc/arm-none-eabi/10.3.1/thumb/v7e-m+fp/hard/crtbegin.o

.ARM.extab      0x00000000080079cc        0x0
                0x00000000080079cc                . = ALIGN (0x4)
 *(.ARM.extab* .gnu.linkonce.armextab.*)
                0x00000000080079cc                . = ALIGN (0x4)

.ARM            0x00000000080079cc        0x0
                0x00000000080079cc                . = ALIGN (0x4)
                0x00000000080079cc                __exidx_start = .
 *(.ARM.exidx*)
                0x00000000080079cc                __exidx_end = .
                0x00000000080079cc                . = ALIGN (0x4)

.preinit_array  0x00000000080079cc        0x0
                0x00000000080079cc                . = ALIGN (0x4)
                0x00000000080079cc                PROVIDE (__preinit_array_start = .)
 *(.preinit_array*)
                0x00000000080079cc                PROVIDE (__preinit_array_end = .)
                0x00000000080079cc                . = ALIGN (0x4)

.init_array     0x00000000080079cc        0x4
                0x00000000080079cc                . = ALIGN (0x4)
                0x00000000080079cc                PROVIDE (__init_array_start = .)
 *(SORT_BY_NAME(.init_array.*))
 *(.init_array*)
 .init_array    0x00000000080079cc        0x4 c:/st/stm32cubeide_1.10.1/stm32cubeide/plugins/com.st.stm32cube.ide.mcu.externaltools.gnu-tools-for-stm32.10.3-2021.10.win32_1.0.200.202301161003/tools/bin/../lib/gcc/arm-none-eabi/10.3.1/thumb/v7e-m+fp/hard/crtbegin.o
                0x00000000080079d0                PROVIDE (__init_array_end = .)
                0x00000000080079d0                . = ALIGN (0x4)

.fini_array     0x00000000080079d0        0x4
                0x00000000080079d0                . = ALIGN (0x4)
                [!provide]                        PROVIDE (__fini_array_start = .)
 *(SORT_BY_NAME(.fini_array.*))
 *(.fini_array*)
 .fini_array    0x00000000080079d0        0x4 c:/st/stm32cubeide_1.10.1/stm32cubeide/plugins/com.st.stm32cube.ide.mcu.externaltools.gnu-tools-for-stm32.10.3-2021.10.win32_1.0.200.202301161003/tools/bin/../lib/gcc/arm-none-eabi/10.3.1/thumb/v7e-m+fp/hard/crtbegin.o
                [!provide]                        PROVIDE (__fini_array_end = .)
                0x00000000080079d4                . = ALIGN (0x4)
                0x00000000080079d4                _sidata = LOADADDR (.data)

.data           0x0000000020000000        0xc load address 0x00000000080079d4
                0x0000000020000000                . = ALIGN (0x4)
                0x0000000020000000                _sdata = .
 *(.data)
 *(.data*)
 .data.SystemCoreClock
                0x0000000020000000        0x4 ./Core/Src/system_stm32f3xx.o
                0x0000000020000000                SystemCoreClock
 .data.uwTickPrio
                0x0000000020000004        0x4 ./Drivers/STM32F3xx_HAL_Driver/Src/stm32f3xx_hal.o
                0x0000000020000004                uwTickPrio
 .data.uwTickFreq
                0x0000000020000008        0x1 ./Drivers/STM32F3xx_HAL_Driver/Src/stm32f3xx_hal.o
                0x0000000020000008                uwTickFreq
 *(.RamFunc)
 *(.RamFunc*)
                0x000000002000000c                . = ALIGN (0x4)
 *fill*         0x0000000020000009        0x3 
                0x000000002000000c                _edata = .
                0x00000000080079e0                _siccmram = LOADADDR (.ccmram)

.igot.plt       0x000000002000000c        0x0 load address 0x00000000080079e0
 .igot.plt      0x000000002000000c        0x0 c:/st/stm32cubeide_1.10.1/stm32cubeide/plugins/com.st.stm32cube.ide.mcu.externaltools.gnu-tools-for-stm32.10.3-2021.10.win32_1.0.200.202301161003/tools/bin/../lib/gcc/arm-none-eabi/10.3.1/thumb/v7e-m+fp/hard/crtbegin.o

.ccmram         0x0000000010000000        0x0 load address 0x00000000080079e0
                0x0000000010000000                . = ALIGN (0x4)
                0x0000000010000000                _sccmram = .
 *(.ccmram)
 *(.ccmram*)
                0x0000000010000000                . = ALIGN (0x4)
                0x0000000010000000                _eccmram = .
                0x0000000010000000                . = ALIGN (0x4)

.bss            0x000000002000000c      0x574
                0x000000002000000c                _sbss = .
                0x000000002000000c                __bss_start__ = _sbss
 *(.bss)
 .bss           0x000000002000000c       0x1c c:/st/stm32cubeide_1.10.1/stm32cubeide/plugins/com.st.stm32cube.ide.mcu.externaltools.gnu-tools-for-stm32.10.3-2021.10.win32_1.0.200.202301161003/tools/bin/../lib/gcc/arm-none-eabi/10.3.1/thumb/v7e-m+fp/hard/crtbegin.o
 *(.bss*)
 .bss.motor1_dmabuffer
                0x0000000020000028       0x48 ./Core/Src/dshot.o
 .bss.motor2_dmabuffer
                0x0000000020000070       0x48 ./Core/Src/dshot.o
 .bss.motor3_dmabuffer
                0x00000000200000b8       0x48 ./Core/Src/dshot.o
 .bss.motor4_dmabuffer
                0x0000000020000100       0x48 ./Core/Src/dshot.o
 .bss.motor5_dmabuffer
                0x0000000020000148       0x48 ./Core/Src/dshot.o
 .bss.dshot_ready
                0x0000000020000190        0x4 ./Core/Src/dshot.o
                0x0000000020000190                dshot_ready
 .bss.Press_order
                0x0000000020000194        0x1 ./Core/Src/main.o
                0x0000000020000194                Press_order
 *fill*         0x0000000020000195        0x3 
 .bss.hadc1     0x0000000020000198       0x50 ./Core/Src/main.o
                0x0000000020000198                hadc1
 .bss.hcan      0x00000000200001e8       0x28 ./Core/Src/main.o
                0x00000000200001e8                hcan
 .bss.hi2c1     0x0000000020000210       0x54 ./Core/Src/main.o
                0x0000000020000210                hi2c1
 .bss.htim1     0x0000000020000264       0x4c ./Core/Src/main.o
                0x0000000020000264                htim1
 .bss.htim2     0x00000000200002b0       0x4c ./Core/Src/main.o
                0x00000000200002b0                htim2
 .bss.htim3     0x00000000200002fc       0x4c ./Core/Src/main.o
                0x00000000200002fc                htim3
 .bss.htim6     0x0000000020000348       0x4c ./Core/Src/main.o
                0x0000000020000348                htim6
 .bss.hdma_tim1_ch1
                0x0000000020000394       0x44 ./Core/Src/main.o
                0x0000000020000394                hdma_tim1_ch1
 .bss.hdma_tim2_ch1
                0x00000000200003d8       0x44 ./Core/Src/main.o
                0x00000000200003d8                hdma_tim2_ch1
 .bss.hdma_tim2_ch3
                0x000000002000041c       0x44 ./Core/Src/main.o
                0x000000002000041c                hdma_tim2_ch3
 .bss.hdma_tim3_ch1_trig
                0x0000000020000460       0x44 ./Core/Src/main.o
                0x0000000020000460                hdma_tim3_ch1_trig
 .bss.hdma_tim3_ch4_up
                0x00000000200004a4       0x44 ./Core/Src/main.o
                0x00000000200004a4                hdma_tim3_ch4_up
 .bss.huart2    0x00000000200004e8       0x88 ./Core/Src/main.o
                0x00000000200004e8                huart2
 .bss.my_motor_value
                0x0000000020000570        0xa ./Core/Src/main.o
                0x0000000020000570                my_motor_value
 *fill*         0x000000002000057a        0x2 
 .bss.uwTick    0x000000002000057c        0x4 ./Drivers/STM32F3xx_HAL_Driver/Src/stm32f3xx_hal.o
                0x000000002000057c                uwTick
 *(COMMON)
                0x0000000020000580                . = ALIGN (0x4)
                0x0000000020000580                _ebss = .
                0x0000000020000580                __bss_end__ = _ebss

._user_heap_stack
                0x0000000020000580      0x600
                0x0000000020000580                . = ALIGN (0x8)
                [!provide]                        PROVIDE (end = .)
                0x0000000020000580                PROVIDE (_end = .)
                0x0000000020000780                . = (. + _Min_Heap_Size)
 *fill*         0x0000000020000580      0x200 
                0x0000000020000b80                . = (. + _Min_Stack_Size)
 *fill*         0x0000000020000780      0x400 
                0x0000000020000b80                . = ALIGN (0x8)

/DISCARD/
 libc.a(*)
 libm.a(*)
 libgcc.a(*)

.ARM.attributes
                0x0000000000000000       0x30
 *(.ARM.attributes)
 .ARM.attributes
                0x0000000000000000       0x1e c:/st/stm32cubeide_1.10.1/stm32cubeide/plugins/com.st.stm32cube.ide.mcu.externaltools.gnu-tools-for-stm32.10.3-2021.10.win32_1.0.200.202301161003/tools/bin/../lib/gcc/arm-none-eabi/10.3.1/thumb/v7e-m+fp/hard/crti.o
 .ARM.attributes
                0x000000000000001e       0x34 c:/st/stm32cubeide_1.10.1/stm32cubeide/plugins/com.st.stm32cube.ide.mcu.externaltools.gnu-tools-for-stm32.10.3-2021.10.win32_1.0.200.202301161003/tools/bin/../lib/gcc/arm-none-eabi/10.3.1/thumb/v7e-m+fp/hard/crtbegin.o
 .ARM.attributes
                0x0000000000000052       0x34 ./Core/Src/dshot.o
 .ARM.attributes
                0x0000000000000086       0x34 ./Core/Src/main.o
 .ARM.attributes
                0x00000000000000ba       0x34 ./Core/Src/stm32f3xx_hal_msp.o
 .ARM.attributes
                0x00000000000000ee       0x34 ./Core/Src/stm32f3xx_it.o
 .ARM.attributes
                0x0000000000000122       0x34 ./Core/Src/system_stm32f3xx.o
 .ARM.attributes
                0x0000000000000156       0x21 ./Core/Startup/startup_stm32f303k8tx.o
 .ARM.attributes
                0x0000000000000177       0x34 ./Drivers/STM32F3xx_HAL_Driver/Src/stm32f3xx_hal.o
 .ARM.attributes
                0x00000000000001ab       0x34 ./Drivers/STM32F3xx_HAL_Driver/Src/stm32f3xx_hal_adc_ex.o
 .ARM.attributes
                0x00000000000001df       0x34 ./Drivers/STM32F3xx_HAL_Driver/Src/stm32f3xx_hal_can.o
 .ARM.attributes
                0x0000000000000213       0x34 ./Drivers/STM32F3xx_HAL_Driver/Src/stm32f3xx_hal_cortex.o
 .ARM.attributes
                0x0000000000000247       0x34 ./Drivers/STM32F3xx_HAL_Driver/Src/stm32f3xx_hal_dma.o
 .ARM.attributes
                0x000000000000027b       0x34 ./Drivers/STM32F3xx_HAL_Driver/Src/stm32f3xx_hal_gpio.o
 .ARM.attributes
                0x00000000000002af       0x34 ./Drivers/STM32F3xx_HAL_Driver/Src/stm32f3xx_hal_i2c.o
 .ARM.attributes
                0x00000000000002e3       0x34 ./Drivers/STM32F3xx_HAL_Driver/Src/stm32f3xx_hal_i2c_ex.o
 .ARM.attributes
                0x0000000000000317       0x34 ./Drivers/STM32F3xx_HAL_Driver/Src/stm32f3xx_hal_rcc.o
 .ARM.attributes
                0x000000000000034b       0x34 ./Drivers/STM32F3xx_HAL_Driver/Src/stm32f3xx_hal_rcc_ex.o
 .ARM.attributes
                0x000000000000037f       0x34 ./Drivers/STM32F3xx_HAL_Driver/Src/stm32f3xx_hal_tim.o
 .ARM.attributes
                0x00000000000003b3       0x34 ./Drivers/STM32F3xx_HAL_Driver/Src/stm32f3xx_hal_tim_ex.o
 .ARM.attributes
                0x00000000000003e7       0x34 ./Drivers/STM32F3xx_HAL_Driver/Src/stm32f3xx_hal_uart.o
 .ARM.attributes
                0x000000000000041b       0x34 c:/st/stm32cubeide_1.10.1/stm32cubeide/plugins/com.st.stm32cube.ide.mcu.externaltools.gnu-tools-for-stm32.10.3-2021.10.win32_1.0.200.202301161003/tools/bin/../lib/gcc/arm-none-eabi/10.3.1/../../../../arm-none-eabi/lib/thumb/v7e-m+fp/hard\libc_nano.a(lib_a-init.o)
 .ARM.attributes
                0x000000000000044f       0x34 c:/st/stm32cubeide_1.10.1/stm32cubeide/plugins/com.st.stm32cube.ide.mcu.externaltools.gnu-tools-for-stm32.10.3-2021.10.win32_1.0.200.202301161003/tools/bin/../lib/gcc/arm-none-eabi/10.3.1/../../../../arm-none-eabi/lib/thumb/v7e-m+fp/hard\libc_nano.a(lib_a-memset.o)
 .ARM.attributes
                0x0000000000000483       0x34 c:/st/stm32cubeide_1.10.1/stm32cubeide/plugins/com.st.stm32cube.ide.mcu.externaltools.gnu-tools-for-stm32.10.3-2021.10.win32_1.0.200.202301161003/tools/bin/../lib/gcc/arm-none-eabi/10.3.1/../../../../arm-none-eabi/lib/thumb/v7e-m+fp/hard\libm.a(lib_a-sf_lrint.o)
 .ARM.attributes
                0x00000000000004b7       0x1e c:/st/stm32cubeide_1.10.1/stm32cubeide/plugins/com.st.stm32cube.ide.mcu.externaltools.gnu-tools-for-stm32.10.3-2021.10.win32_1.0.200.202301161003/tools/bin/../lib/gcc/arm-none-eabi/10.3.1/thumb/v7e-m+fp/hard\libgcc.a(_arm_muldf3.o)
 .ARM.attributes
                0x00000000000004d5       0x1e c:/st/stm32cubeide_1.10.1/stm32cubeide/plugins/com.st.stm32cube.ide.mcu.externaltools.gnu-tools-for-stm32.10.3-2021.10.win32_1.0.200.202301161003/tools/bin/../lib/gcc/arm-none-eabi/10.3.1/thumb/v7e-m+fp/hard\libgcc.a(_arm_addsubdf3.o)
 .ARM.attributes
                0x00000000000004f3       0x1e c:/st/stm32cubeide_1.10.1/stm32cubeide/plugins/com.st.stm32cube.ide.mcu.externaltools.gnu-tools-for-stm32.10.3-2021.10.win32_1.0.200.202301161003/tools/bin/../lib/gcc/arm-none-eabi/10.3.1/thumb/v7e-m+fp/hard\libgcc.a(_arm_truncdfsf2.o)
 .ARM.attributes
                0x0000000000000511       0x1e c:/st/stm32cubeide_1.10.1/stm32cubeide/plugins/com.st.stm32cube.ide.mcu.externaltools.gnu-tools-for-stm32.10.3-2021.10.win32_1.0.200.202301161003/tools/bin/../lib/gcc/arm-none-eabi/10.3.1/thumb/v7e-m+fp/hard/crtn.o
OUTPUT(Code_carte_pneumatique.elf elf32-littlearm)
LOAD linker stubs
LOAD c:/st/stm32cubeide_1.10.1/stm32cubeide/plugins/com.st.stm32cube.ide.mcu.externaltools.gnu-tools-for-stm32.10.3-2021.10.win32_1.0.200.202301161003/tools/bin/../lib/gcc/arm-none-eabi/10.3.1/../../../../arm-none-eabi/lib/thumb/v7e-m+fp/hard\libc.a
LOAD c:/st/stm32cubeide_1.10.1/stm32cubeide/plugins/com.st.stm32cube.ide.mcu.externaltools.gnu-tools-for-stm32.10.3-2021.10.win32_1.0.200.202301161003/tools/bin/../lib/gcc/arm-none-eabi/10.3.1/../../../../arm-none-eabi/lib/thumb/v7e-m+fp/hard\libm.a
LOAD c:/st/stm32cubeide_1.10.1/stm32cubeide/plugins/com.st.stm32cube.ide.mcu.externaltools.gnu-tools-for-stm32.10.3-2021.10.win32_1.0.200.202301161003/tools/bin/../lib/gcc/arm-none-eabi/10.3.1/thumb/v7e-m+fp/hard\libgcc.a

.debug_info     0x0000000000000000    0x16689
 .debug_info    0x0000000000000000      0xa23 ./Core/Src/dshot.o
 .debug_info    0x0000000000000a23     0x251f ./Core/Src/main.o
 .debug_info    0x0000000000002f42     0x1cf8 ./Core/Src/stm32f3xx_hal_msp.o
 .debug_info    0x0000000000004c3a      0x7e0 ./Core/Src/stm32f3xx_it.o
 .debug_info    0x000000000000541a      0x416 ./Core/Src/system_stm32f3xx.o
 .debug_info    0x0000000000005830       0x22 ./Core/Startup/startup_stm32f303k8tx.o
 .debug_info    0x0000000000005852      0x77d ./Drivers/STM32F3xx_HAL_Driver/Src/stm32f3xx_hal.o
 .debug_info    0x0000000000005fcf     0x16d2 ./Drivers/STM32F3xx_HAL_Driver/Src/stm32f3xx_hal_adc_ex.o
 .debug_info    0x00000000000076a1      0xfd2 ./Drivers/STM32F3xx_HAL_Driver/Src/stm32f3xx_hal_can.o
 .debug_info    0x0000000000008673      0xb20 ./Drivers/STM32F3xx_HAL_Driver/Src/stm32f3xx_hal_cortex.o
 .debug_info    0x0000000000009193      0x757 ./Drivers/STM32F3xx_HAL_Driver/Src/stm32f3xx_hal_dma.o
 .debug_info    0x00000000000098ea      0x74e ./Drivers/STM32F3xx_HAL_Driver/Src/stm32f3xx_hal_gpio.o
 .debug_info    0x000000000000a038     0x226b ./Drivers/STM32F3xx_HAL_Driver/Src/stm32f3xx_hal_i2c.o
 .debug_info    0x000000000000c2a3      0x96f ./Drivers/STM32F3xx_HAL_Driver/Src/stm32f3xx_hal_i2c_ex.o
 .debug_info    0x000000000000cc12     0x1585 ./Drivers/STM32F3xx_HAL_Driver/Src/stm32f3xx_hal_rcc.o
 .debug_info    0x000000000000e197      0x577 ./Drivers/STM32F3xx_HAL_Driver/Src/stm32f3xx_hal_rcc_ex.o
 .debug_info    0x000000000000e70e     0x2cdb ./Drivers/STM32F3xx_HAL_Driver/Src/stm32f3xx_hal_tim.o
 .debug_info    0x00000000000113e9     0x16a8 ./Drivers/STM32F3xx_HAL_Driver/Src/stm32f3xx_hal_tim_ex.o
 .debug_info    0x0000000000012a91     0x3bf8 ./Drivers/STM32F3xx_HAL_Driver/Src/stm32f3xx_hal_uart.o

.debug_abbrev   0x0000000000000000     0x287d
 .debug_abbrev  0x0000000000000000      0x240 ./Core/Src/dshot.o
 .debug_abbrev  0x0000000000000240      0x316 ./Core/Src/main.o
 .debug_abbrev  0x0000000000000556      0x283 ./Core/Src/stm32f3xx_hal_msp.o
 .debug_abbrev  0x00000000000007d9      0x19e ./Core/Src/stm32f3xx_it.o
 .debug_abbrev  0x0000000000000977      0x116 ./Core/Src/system_stm32f3xx.o
 .debug_abbrev  0x0000000000000a8d       0x12 ./Core/Startup/startup_stm32f303k8tx.o
 .debug_abbrev  0x0000000000000a9f      0x20e ./Drivers/STM32F3xx_HAL_Driver/Src/stm32f3xx_hal.o
 .debug_abbrev  0x0000000000000cad      0x27a ./Drivers/STM32F3xx_HAL_Driver/Src/stm32f3xx_hal_adc_ex.o
 .debug_abbrev  0x0000000000000f27      0x204 ./Drivers/STM32F3xx_HAL_Driver/Src/stm32f3xx_hal_can.o
 .debug_abbrev  0x000000000000112b      0x2ed ./Drivers/STM32F3xx_HAL_Driver/Src/stm32f3xx_hal_cortex.o
 .debug_abbrev  0x0000000000001418      0x1fe ./Drivers/STM32F3xx_HAL_Driver/Src/stm32f3xx_hal_dma.o
 .debug_abbrev  0x0000000000001616      0x1bb ./Drivers/STM32F3xx_HAL_Driver/Src/stm32f3xx_hal_gpio.o
 .debug_abbrev  0x00000000000017d1      0x24a ./Drivers/STM32F3xx_HAL_Driver/Src/stm32f3xx_hal_i2c.o
 .debug_abbrev  0x0000000000001a1b      0x1b0 ./Drivers/STM32F3xx_HAL_Driver/Src/stm32f3xx_hal_i2c_ex.o
 .debug_abbrev  0x0000000000001bcb      0x2f9 ./Drivers/STM32F3xx_HAL_Driver/Src/stm32f3xx_hal_rcc.o
 .debug_abbrev  0x0000000000001ec4      0x22d ./Drivers/STM32F3xx_HAL_Driver/Src/stm32f3xx_hal_rcc_ex.o
 .debug_abbrev  0x00000000000020f1      0x264 ./Drivers/STM32F3xx_HAL_Driver/Src/stm32f3xx_hal_tim.o
 .debug_abbrev  0x0000000000002355      0x26c ./Drivers/STM32F3xx_HAL_Driver/Src/stm32f3xx_hal_tim_ex.o
 .debug_abbrev  0x00000000000025c1      0x2bc ./Drivers/STM32F3xx_HAL_Driver/Src/stm32f3xx_hal_uart.o

.debug_aranges  0x0000000000000000     0x12f0
 .debug_aranges
                0x0000000000000000       0x78 ./Core/Src/dshot.o
 .debug_aranges
                0x0000000000000078       0x88 ./Core/Src/main.o
 .debug_aranges
                0x0000000000000100       0x88 ./Core/Src/stm32f3xx_hal_msp.o
 .debug_aranges
                0x0000000000000188       0x90 ./Core/Src/stm32f3xx_it.o
 .debug_aranges
                0x0000000000000218       0x28 ./Core/Src/system_stm32f3xx.o
 .debug_aranges
                0x0000000000000240       0x28 ./Core/Startup/startup_stm32f303k8tx.o
 .debug_aranges
                0x0000000000000268       0xe0 ./Drivers/STM32F3xx_HAL_Driver/Src/stm32f3xx_hal.o
 .debug_aranges
                0x0000000000000348      0x168 ./Drivers/STM32F3xx_HAL_Driver/Src/stm32f3xx_hal_adc_ex.o
 .debug_aranges
                0x00000000000004b0      0x138 ./Drivers/STM32F3xx_HAL_Driver/Src/stm32f3xx_hal_can.o
 .debug_aranges
                0x00000000000005e8      0x100 ./Drivers/STM32F3xx_HAL_Driver/Src/stm32f3xx_hal_cortex.o
 .debug_aranges
                0x00000000000006e8       0x88 ./Drivers/STM32F3xx_HAL_Driver/Src/stm32f3xx_hal_dma.o
 .debug_aranges
                0x0000000000000770       0x58 ./Drivers/STM32F3xx_HAL_Driver/Src/stm32f3xx_hal_gpio.o
 .debug_aranges
                0x00000000000007c8      0x2a0 ./Drivers/STM32F3xx_HAL_Driver/Src/stm32f3xx_hal_i2c.o
 .debug_aranges
                0x0000000000000a68       0x48 ./Drivers/STM32F3xx_HAL_Driver/Src/stm32f3xx_hal_i2c_ex.o
 .debug_aranges
                0x0000000000000ab0       0x88 ./Drivers/STM32F3xx_HAL_Driver/Src/stm32f3xx_hal_rcc.o
 .debug_aranges
                0x0000000000000b38       0x38 ./Drivers/STM32F3xx_HAL_Driver/Src/stm32f3xx_hal_rcc_ex.o
 .debug_aranges
                0x0000000000000b70      0x3e0 ./Drivers/STM32F3xx_HAL_Driver/Src/stm32f3xx_hal_tim.o
 .debug_aranges
                0x0000000000000f50      0x178 ./Drivers/STM32F3xx_HAL_Driver/Src/stm32f3xx_hal_tim_ex.o
 .debug_aranges
                0x00000000000010c8      0x228 ./Drivers/STM32F3xx_HAL_Driver/Src/stm32f3xx_hal_uart.o

.debug_ranges   0x0000000000000000     0x11f8
 .debug_ranges  0x0000000000000000       0x68 ./Core/Src/dshot.o
 .debug_ranges  0x0000000000000068       0x78 ./Core/Src/main.o
 .debug_ranges  0x00000000000000e0       0x78 ./Core/Src/stm32f3xx_hal_msp.o
 .debug_ranges  0x0000000000000158       0x80 ./Core/Src/stm32f3xx_it.o
 .debug_ranges  0x00000000000001d8       0x18 ./Core/Src/system_stm32f3xx.o
 .debug_ranges  0x00000000000001f0       0x20 ./Core/Startup/startup_stm32f303k8tx.o
 .debug_ranges  0x0000000000000210       0xd0 ./Drivers/STM32F3xx_HAL_Driver/Src/stm32f3xx_hal.o
 .debug_ranges  0x00000000000002e0      0x158 ./Drivers/STM32F3xx_HAL_Driver/Src/stm32f3xx_hal_adc_ex.o
 .debug_ranges  0x0000000000000438      0x128 ./Drivers/STM32F3xx_HAL_Driver/Src/stm32f3xx_hal_can.o
 .debug_ranges  0x0000000000000560       0xf0 ./Drivers/STM32F3xx_HAL_Driver/Src/stm32f3xx_hal_cortex.o
 .debug_ranges  0x0000000000000650       0x78 ./Drivers/STM32F3xx_HAL_Driver/Src/stm32f3xx_hal_dma.o
 .debug_ranges  0x00000000000006c8       0x48 ./Drivers/STM32F3xx_HAL_Driver/Src/stm32f3xx_hal_gpio.o
 .debug_ranges  0x0000000000000710      0x290 ./Drivers/STM32F3xx_HAL_Driver/Src/stm32f3xx_hal_i2c.o
 .debug_ranges  0x00000000000009a0       0x38 ./Drivers/STM32F3xx_HAL_Driver/Src/stm32f3xx_hal_i2c_ex.o
 .debug_ranges  0x00000000000009d8       0x78 ./Drivers/STM32F3xx_HAL_Driver/Src/stm32f3xx_hal_rcc.o
 .debug_ranges  0x0000000000000a50       0x28 ./Drivers/STM32F3xx_HAL_Driver/Src/stm32f3xx_hal_rcc_ex.o
 .debug_ranges  0x0000000000000a78      0x3d0 ./Drivers/STM32F3xx_HAL_Driver/Src/stm32f3xx_hal_tim.o
 .debug_ranges  0x0000000000000e48      0x168 ./Drivers/STM32F3xx_HAL_Driver/Src/stm32f3xx_hal_tim_ex.o
 .debug_ranges  0x0000000000000fb0      0x248 ./Drivers/STM32F3xx_HAL_Driver/Src/stm32f3xx_hal_uart.o

.debug_macro    0x0000000000000000    0x1d35f
 .debug_macro   0x0000000000000000      0x2ba ./Core/Src/dshot.o
 .debug_macro   0x00000000000002ba      0xa78 ./Core/Src/dshot.o
 .debug_macro   0x0000000000000d32      0x163 ./Core/Src/dshot.o
 .debug_macro   0x0000000000000e95       0x2e ./Core/Src/dshot.o
 .debug_macro   0x0000000000000ec3       0x28 ./Core/Src/dshot.o
 .debug_macro   0x0000000000000eeb       0x22 ./Core/Src/dshot.o
 .debug_macro   0x0000000000000f0d       0x8e ./Core/Src/dshot.o
 .debug_macro   0x0000000000000f9b       0x51 ./Core/Src/dshot.o
 .debug_macro   0x0000000000000fec      0x103 ./Core/Src/dshot.o
 .debug_macro   0x00000000000010ef       0x6a ./Core/Src/dshot.o
 .debug_macro   0x0000000000001159      0x1df ./Core/Src/dshot.o
 .debug_macro   0x0000000000001338       0x1c ./Core/Src/dshot.o
 .debug_macro   0x0000000000001354       0x22 ./Core/Src/dshot.o
 .debug_macro   0x0000000000001376       0xd9 ./Core/Src/dshot.o
 .debug_macro   0x000000000000144f      0xf07 ./Core/Src/dshot.o
 .debug_macro   0x0000000000002356    0x10be0 ./Core/Src/dshot.o
 .debug_macro   0x0000000000012f36       0x6d ./Core/Src/dshot.o
 .debug_macro   0x0000000000012fa3     0x3558 ./Core/Src/dshot.o
 .debug_macro   0x00000000000164fb      0x174 ./Core/Src/dshot.o
 .debug_macro   0x000000000001666f       0x55 ./Core/Src/dshot.o
 .debug_macro   0x00000000000166c4      0x8f8 ./Core/Src/dshot.o
 .debug_macro   0x0000000000016fbc      0x304 ./Core/Src/dshot.o
 .debug_macro   0x00000000000172c0      0x1b5 ./Core/Src/dshot.o
 .debug_macro   0x0000000000017475      0x11b ./Core/Src/dshot.o
 .debug_macro   0x0000000000017590      0x1d5 ./Core/Src/dshot.o
 .debug_macro   0x0000000000017765      0x1bc ./Core/Src/dshot.o
 .debug_macro   0x0000000000017921       0x34 ./Core/Src/dshot.o
 .debug_macro   0x0000000000017955       0x3c ./Core/Src/dshot.o
 .debug_macro   0x0000000000017991       0x57 ./Core/Src/dshot.o
 .debug_macro   0x00000000000179e8      0x87d ./Core/Src/dshot.o
 .debug_macro   0x0000000000018265       0x77 ./Core/Src/dshot.o
 .debug_macro   0x00000000000182dc      0x408 ./Core/Src/dshot.o
 .debug_macro   0x00000000000186e4       0xc5 ./Core/Src/dshot.o
 .debug_macro   0x00000000000187a9      0x19f ./Core/Src/dshot.o
 .debug_macro   0x0000000000018948      0x22c ./Core/Src/dshot.o
 .debug_macro   0x0000000000018b74       0x5b ./Core/Src/dshot.o
 .debug_macro   0x0000000000018bcf       0xa5 ./Core/Src/dshot.o
 .debug_macro   0x0000000000018c74       0x81 ./Core/Src/dshot.o
 .debug_macro   0x0000000000018cf5       0xd3 ./Core/Src/dshot.o
 .debug_macro   0x0000000000018dc8      0xa59 ./Core/Src/dshot.o
 .debug_macro   0x0000000000019821       0x59 ./Core/Src/dshot.o
 .debug_macro   0x000000000001987a      0x5ba ./Core/Src/dshot.o
 .debug_macro   0x0000000000019e34       0x44 ./Core/Src/dshot.o
 .debug_macro   0x0000000000019e78      0x285 ./Core/Src/dshot.o
 .debug_macro   0x000000000001a0fd      0x100 ./Core/Src/dshot.o
 .debug_macro   0x000000000001a1fd       0x22 ./Core/Src/dshot.o
 .debug_macro   0x000000000001a21f       0x52 ./Core/Src/dshot.o
 .debug_macro   0x000000000001a271       0x1e ./Core/Src/dshot.o
 .debug_macro   0x000000000001a28f       0x3c ./Core/Src/dshot.o
 .debug_macro   0x000000000001a2cb       0x34 ./Core/Src/dshot.o
 .debug_macro   0x000000000001a2ff       0x16 ./Core/Src/dshot.o
 .debug_macro   0x000000000001a315       0x43 ./Core/Src/dshot.o
 .debug_macro   0x000000000001a358       0x34 ./Core/Src/dshot.o
 .debug_macro   0x000000000001a38c       0x10 ./Core/Src/dshot.o
 .debug_macro   0x000000000001a39c       0x58 ./Core/Src/dshot.o
 .debug_macro   0x000000000001a3f4       0x71 ./Core/Src/dshot.o
 .debug_macro   0x000000000001a465       0x1c ./Core/Src/dshot.o
 .debug_macro   0x000000000001a481      0x12a ./Core/Src/dshot.o
 .debug_macro   0x000000000001a5ab      0x341 ./Core/Src/dshot.o
 .debug_macro   0x000000000001a8ec      0x19b ./Core/Src/dshot.o
 .debug_macro   0x000000000001aa87       0xe8 ./Core/Src/dshot.o
 .debug_macro   0x000000000001ab6f      0x3bb ./Core/Src/main.o
 .debug_macro   0x000000000001af2a       0x16 ./Core/Src/main.o
 .debug_macro   0x000000000001af40       0x35 ./Core/Src/main.o
 .debug_macro   0x000000000001af75       0x20 ./Core/Src/main.o
 .debug_macro   0x000000000001af95       0x1c ./Core/Src/main.o
 .debug_macro   0x000000000001afb1       0x10 ./Core/Src/main.o
 .debug_macro   0x000000000001afc1       0x10 ./Core/Src/main.o
 .debug_macro   0x000000000001afd1       0x1c ./Core/Src/main.o
 .debug_macro   0x000000000001afed       0x52 ./Core/Src/main.o
 .debug_macro   0x000000000001b03f       0x22 ./Core/Src/main.o
 .debug_macro   0x000000000001b061       0x10 ./Core/Src/main.o
 .debug_macro   0x000000000001b071       0x52 ./Core/Src/main.o
 .debug_macro   0x000000000001b0c3       0xd5 ./Core/Src/main.o
 .debug_macro   0x000000000001b198       0x1c ./Core/Src/main.o
 .debug_macro   0x000000000001b1b4       0x3d ./Core/Src/main.o
 .debug_macro   0x000000000001b1f1       0x16 ./Core/Src/main.o
 .debug_macro   0x000000000001b207      0x145 ./Core/Src/main.o
 .debug_macro   0x000000000001b34c      0x1f7 ./Core/Src/stm32f3xx_hal_msp.o
 .debug_macro   0x000000000001b543      0x201 ./Core/Src/stm32f3xx_it.o
 .debug_macro   0x000000000001b744      0x1e8 ./Core/Src/system_stm32f3xx.o
 .debug_macro   0x000000000001b92c      0x20c ./Drivers/STM32F3xx_HAL_Driver/Src/stm32f3xx_hal.o
 .debug_macro   0x000000000001bb38      0x212 ./Drivers/STM32F3xx_HAL_Driver/Src/stm32f3xx_hal_adc_ex.o
 .debug_macro   0x000000000001bd4a      0x1f0 ./Drivers/STM32F3xx_HAL_Driver/Src/stm32f3xx_hal_can.o
 .debug_macro   0x000000000001bf3a      0x1e8 ./Drivers/STM32F3xx_HAL_Driver/Src/stm32f3xx_hal_cortex.o
 .debug_macro   0x000000000001c122      0x1e8 ./Drivers/STM32F3xx_HAL_Driver/Src/stm32f3xx_hal_dma.o
 .debug_macro   0x000000000001c30a      0x1ef ./Drivers/STM32F3xx_HAL_Driver/Src/stm32f3xx_hal_gpio.o
 .debug_macro   0x000000000001c4f9      0x2b4 ./Drivers/STM32F3xx_HAL_Driver/Src/stm32f3xx_hal_i2c.o
 .debug_macro   0x000000000001c7ad      0x1e8 ./Drivers/STM32F3xx_HAL_Driver/Src/stm32f3xx_hal_i2c_ex.o
 .debug_macro   0x000000000001c995      0x20c ./Drivers/STM32F3xx_HAL_Driver/Src/stm32f3xx_hal_rcc.o
 .debug_macro   0x000000000001cba1      0x1e8 ./Drivers/STM32F3xx_HAL_Driver/Src/stm32f3xx_hal_rcc_ex.o
 .debug_macro   0x000000000001cd89      0x1e9 ./Drivers/STM32F3xx_HAL_Driver/Src/stm32f3xx_hal_tim.o
 .debug_macro   0x000000000001cf72      0x1e8 ./Drivers/STM32F3xx_HAL_Driver/Src/stm32f3xx_hal_tim_ex.o
 .debug_macro   0x000000000001d15a      0x205 ./Drivers/STM32F3xx_HAL_Driver/Src/stm32f3xx_hal_uart.o

.debug_line     0x0000000000000000    0x17b59
 .debug_line    0x0000000000000000      0xadb ./Core/Src/dshot.o
 .debug_line    0x0000000000000adb      0xfc6 ./Core/Src/main.o
 .debug_line    0x0000000000001aa1      0xa52 ./Core/Src/stm32f3xx_hal_msp.o
 .debug_line    0x00000000000024f3      0x87a ./Core/Src/stm32f3xx_it.o
 .debug_line    0x0000000000002d6d      0x79e ./Core/Src/system_stm32f3xx.o
 .debug_line    0x000000000000350b       0x88 ./Core/Startup/startup_stm32f303k8tx.o
 .debug_line    0x0000000000003593      0x9d3 ./Drivers/STM32F3xx_HAL_Driver/Src/stm32f3xx_hal.o
 .debug_line    0x0000000000003f66     0x20d2 ./Drivers/STM32F3xx_HAL_Driver/Src/stm32f3xx_hal_adc_ex.o
 .debug_line    0x0000000000006038     0x1178 ./Drivers/STM32F3xx_HAL_Driver/Src/stm32f3xx_hal_can.o
 .debug_line    0x00000000000071b0      0xbbb ./Drivers/STM32F3xx_HAL_Driver/Src/stm32f3xx_hal_cortex.o
 .debug_line    0x0000000000007d6b      0xcc1 ./Drivers/STM32F3xx_HAL_Driver/Src/stm32f3xx_hal_dma.o
 .debug_line    0x0000000000008a2c      0xb1e ./Drivers/STM32F3xx_HAL_Driver/Src/stm32f3xx_hal_gpio.o
 .debug_line    0x000000000000954a     0x37a2 ./Drivers/STM32F3xx_HAL_Driver/Src/stm32f3xx_hal_i2c.o
 .debug_line    0x000000000000ccec      0x945 ./Drivers/STM32F3xx_HAL_Driver/Src/stm32f3xx_hal_i2c_ex.o
 .debug_line    0x000000000000d631     0x13b0 ./Drivers/STM32F3xx_HAL_Driver/Src/stm32f3xx_hal_rcc.o
 .debug_line    0x000000000000e9e1      0xa75 ./Drivers/STM32F3xx_HAL_Driver/Src/stm32f3xx_hal_rcc_ex.o
 .debug_line    0x000000000000f456     0x3c1d ./Drivers/STM32F3xx_HAL_Driver/Src/stm32f3xx_hal_tim.o
 .debug_line    0x0000000000013073     0x1a4c ./Drivers/STM32F3xx_HAL_Driver/Src/stm32f3xx_hal_tim_ex.o
 .debug_line    0x0000000000014abf     0x309a ./Drivers/STM32F3xx_HAL_Driver/Src/stm32f3xx_hal_uart.o

.debug_str      0x0000000000000000    0xb0ed6
 .debug_str     0x0000000000000000    0xaa434 ./Core/Src/dshot.o
                                      0xaa7a2 (size before relaxing)
 .debug_str     0x00000000000aa434     0x2448 ./Core/Src/main.o
                                      0xacc26 (size before relaxing)
 .debug_str     0x00000000000ac87c      0x18c ./Core/Src/stm32f3xx_hal_msp.o
                                      0xa7a16 (size before relaxing)
 .debug_str     0x00000000000aca08      0x16c ./Core/Src/stm32f3xx_it.o
                                      0xa6c64 (size before relaxing)
 .debug_str     0x00000000000acb74       0xdf ./Core/Src/system_stm32f3xx.o
                                      0xa61fb (size before relaxing)
 .debug_str     0x00000000000acc53       0x36 ./Core/Startup/startup_stm32f303k8tx.o
                                         0x90 (size before relaxing)
 .debug_str     0x00000000000acc89      0x397 ./Drivers/STM32F3xx_HAL_Driver/Src/stm32f3xx_hal.o
                                      0xa68eb (size before relaxing)
 .debug_str     0x00000000000ad020      0x821 ./Drivers/STM32F3xx_HAL_Driver/Src/stm32f3xx_hal_adc_ex.o
                                      0xa6f01 (size before relaxing)
 .debug_str     0x00000000000ad841      0x56e ./Drivers/STM32F3xx_HAL_Driver/Src/stm32f3xx_hal_can.o
                                      0xa6982 (size before relaxing)
 .debug_str     0x00000000000addaf      0x218 ./Drivers/STM32F3xx_HAL_Driver/Src/stm32f3xx_hal_cortex.o
                                      0xa6810 (size before relaxing)
 .debug_str     0x00000000000adfc7      0x1fa ./Drivers/STM32F3xx_HAL_Driver/Src/stm32f3xx_hal_dma.o
                                      0xa6543 (size before relaxing)
 .debug_str     0x00000000000ae1c1      0x144 ./Drivers/STM32F3xx_HAL_Driver/Src/stm32f3xx_hal_gpio.o
                                      0xa63da (size before relaxing)
 .debug_str     0x00000000000ae305      0xe0b ./Drivers/STM32F3xx_HAL_Driver/Src/stm32f3xx_hal_i2c.o
                                      0xa74fe (size before relaxing)
 .debug_str     0x00000000000af110       0x9b ./Drivers/STM32F3xx_HAL_Driver/Src/stm32f3xx_hal_i2c_ex.o
                                      0xa67a2 (size before relaxing)
 .debug_str     0x00000000000af1ab      0x2b8 ./Drivers/STM32F3xx_HAL_Driver/Src/stm32f3xx_hal_rcc.o
                                      0xa669b (size before relaxing)
 .debug_str     0x00000000000af463       0xbe ./Drivers/STM32F3xx_HAL_Driver/Src/stm32f3xx_hal_rcc_ex.o
                                      0xa639a (size before relaxing)
 .debug_str     0x00000000000af521      0xd6e ./Drivers/STM32F3xx_HAL_Driver/Src/stm32f3xx_hal_tim.o
                                      0xa7622 (size before relaxing)
 .debug_str     0x00000000000b028f      0x402 ./Drivers/STM32F3xx_HAL_Driver/Src/stm32f3xx_hal_tim_ex.o
                                      0xa6e78 (size before relaxing)
 .debug_str     0x00000000000b0691      0x845 ./Drivers/STM32F3xx_HAL_Driver/Src/stm32f3xx_hal_uart.o
                                      0xa6f1e (size before relaxing)

.comment        0x0000000000000000       0x50
 .comment       0x0000000000000000       0x50 ./Core/Src/dshot.o
                                         0x51 (size before relaxing)
 .comment       0x0000000000000050       0x51 ./Core/Src/main.o
 .comment       0x0000000000000050       0x51 ./Core/Src/stm32f3xx_hal_msp.o
 .comment       0x0000000000000050       0x51 ./Core/Src/stm32f3xx_it.o
 .comment       0x0000000000000050       0x51 ./Core/Src/system_stm32f3xx.o
 .comment       0x0000000000000050       0x51 ./Drivers/STM32F3xx_HAL_Driver/Src/stm32f3xx_hal.o
 .comment       0x0000000000000050       0x51 ./Drivers/STM32F3xx_HAL_Driver/Src/stm32f3xx_hal_adc_ex.o
 .comment       0x0000000000000050       0x51 ./Drivers/STM32F3xx_HAL_Driver/Src/stm32f3xx_hal_can.o
 .comment       0x0000000000000050       0x51 ./Drivers/STM32F3xx_HAL_Driver/Src/stm32f3xx_hal_cortex.o
 .comment       0x0000000000000050       0x51 ./Drivers/STM32F3xx_HAL_Driver/Src/stm32f3xx_hal_dma.o
 .comment       0x0000000000000050       0x51 ./Drivers/STM32F3xx_HAL_Driver/Src/stm32f3xx_hal_gpio.o
 .comment       0x0000000000000050       0x51 ./Drivers/STM32F3xx_HAL_Driver/Src/stm32f3xx_hal_i2c.o
 .comment       0x0000000000000050       0x51 ./Drivers/STM32F3xx_HAL_Driver/Src/stm32f3xx_hal_i2c_ex.o
 .comment       0x0000000000000050       0x51 ./Drivers/STM32F3xx_HAL_Driver/Src/stm32f3xx_hal_rcc.o
 .comment       0x0000000000000050       0x51 ./Drivers/STM32F3xx_HAL_Driver/Src/stm32f3xx_hal_rcc_ex.o
 .comment       0x0000000000000050       0x51 ./Drivers/STM32F3xx_HAL_Driver/Src/stm32f3xx_hal_tim.o
 .comment       0x0000000000000050       0x51 ./Drivers/STM32F3xx_HAL_Driver/Src/stm32f3xx_hal_tim_ex.o
 .comment       0x0000000000000050       0x51 ./Drivers/STM32F3xx_HAL_Driver/Src/stm32f3xx_hal_uart.o

.debug_frame    0x0000000000000000     0x5258
 .debug_frame   0x0000000000000000      0x1c4 ./Core/Src/dshot.o
 .debug_frame   0x00000000000001c4      0x1e0 ./Core/Src/main.o
 .debug_frame   0x00000000000003a4      0x210 ./Core/Src/stm32f3xx_hal_msp.o
 .debug_frame   0x00000000000005b4      0x1ac ./Core/Src/stm32f3xx_it.o
 .debug_frame   0x0000000000000760       0x58 ./Core/Src/system_stm32f3xx.o
 .debug_frame   0x00000000000007b8      0x334 ./Drivers/STM32F3xx_HAL_Driver/Src/stm32f3xx_hal.o
 .debug_frame   0x0000000000000aec      0x638 ./Drivers/STM32F3xx_HAL_Driver/Src/stm32f3xx_hal_adc_ex.o
 .debug_frame   0x0000000000001124      0x5a0 ./Drivers/STM32F3xx_HAL_Driver/Src/stm32f3xx_hal_can.o
 .debug_frame   0x00000000000016c4      0x428 ./Drivers/STM32F3xx_HAL_Driver/Src/stm32f3xx_hal_cortex.o
 .debug_frame   0x0000000000001aec      0x224 ./Drivers/STM32F3xx_HAL_Driver/Src/stm32f3xx_hal_dma.o
 .debug_frame   0x0000000000001d10      0x14c ./Drivers/STM32F3xx_HAL_Driver/Src/stm32f3xx_hal_gpio.o
 .debug_frame   0x0000000000001e5c      0xc38 ./Drivers/STM32F3xx_HAL_Driver/Src/stm32f3xx_hal_i2c.o
 .debug_frame   0x0000000000002a94      0x100 ./Drivers/STM32F3xx_HAL_Driver/Src/stm32f3xx_hal_i2c_ex.o
 .debug_frame   0x0000000000002b94      0x214 ./Drivers/STM32F3xx_HAL_Driver/Src/stm32f3xx_hal_rcc.o
 .debug_frame   0x0000000000002da8       0xac ./Drivers/STM32F3xx_HAL_Driver/Src/stm32f3xx_hal_rcc_ex.o
 .debug_frame   0x0000000000002e54     0x121c ./Drivers/STM32F3xx_HAL_Driver/Src/stm32f3xx_hal_tim.o
 .debug_frame   0x0000000000004070      0x688 ./Drivers/STM32F3xx_HAL_Driver/Src/stm32f3xx_hal_tim_ex.o
 .debug_frame   0x00000000000046f8      0x9e8 ./Drivers/STM32F3xx_HAL_Driver/Src/stm32f3xx_hal_uart.o
 .debug_frame   0x00000000000050e0       0x2c c:/st/stm32cubeide_1.10.1/stm32cubeide/plugins/com.st.stm32cube.ide.mcu.externaltools.gnu-tools-for-stm32.10.3-2021.10.win32_1.0.200.202301161003/tools/bin/../lib/gcc/arm-none-eabi/10.3.1/../../../../arm-none-eabi/lib/thumb/v7e-m+fp/hard\libc_nano.a(lib_a-init.o)
 .debug_frame   0x000000000000510c       0x20 c:/st/stm32cubeide_1.10.1/stm32cubeide/plugins/com.st.stm32cube.ide.mcu.externaltools.gnu-tools-for-stm32.10.3-2021.10.win32_1.0.200.202301161003/tools/bin/../lib/gcc/arm-none-eabi/10.3.1/../../../../arm-none-eabi/lib/thumb/v7e-m+fp/hard\libc_nano.a(lib_a-memset.o)
 .debug_frame   0x000000000000512c       0x2c c:/st/stm32cubeide_1.10.1/stm32cubeide/plugins/com.st.stm32cube.ide.mcu.externaltools.gnu-tools-for-stm32.10.3-2021.10.win32_1.0.200.202301161003/tools/bin/../lib/gcc/arm-none-eabi/10.3.1/../../../../arm-none-eabi/lib/thumb/v7e-m+fp/hard\libm.a(lib_a-sf_lrint.o)
 .debug_frame   0x0000000000005158       0x30 c:/st/stm32cubeide_1.10.1/stm32cubeide/plugins/com.st.stm32cube.ide.mcu.externaltools.gnu-tools-for-stm32.10.3-2021.10.win32_1.0.200.202301161003/tools/bin/../lib/gcc/arm-none-eabi/10.3.1/thumb/v7e-m+fp/hard\libgcc.a(_arm_muldf3.o)
 .debug_frame   0x0000000000005188       0xac c:/st/stm32cubeide_1.10.1/stm32cubeide/plugins/com.st.stm32cube.ide.mcu.externaltools.gnu-tools-for-stm32.10.3-2021.10.win32_1.0.200.202301161003/tools/bin/../lib/gcc/arm-none-eabi/10.3.1/thumb/v7e-m+fp/hard\libgcc.a(_arm_addsubdf3.o)
 .debug_frame   0x0000000000005234       0x24 c:/st/stm32cubeide_1.10.1/stm32cubeide/plugins/com.st.stm32cube.ide.mcu.externaltools.gnu-tools-for-stm32.10.3-2021.10.win32_1.0.200.202301161003/tools/bin/../lib/gcc/arm-none-eabi/10.3.1/thumb/v7e-m+fp/hard\libgcc.a(_arm_truncdfsf2.o)
