../Core/Src/dshot.c:40:6:dshot_init	16	static
../Core/Src/dshot.c:48:6:dshot_write	16	static
../Core/Src/dshot.c:59:17:dshot_choose_type	16	static
../Core/Src/dshot.c:75:13:dshot_set_timer	32	static
../Core/Src/dshot.c:106:13:dshot_dma_tc_callback	24	static
../Core/Src/dshot.c:133:13:dshot_put_tc_callback_function	4	static
../Core/Src/dshot.c:143:13:dshot_start_pwm	8	static
../Core/Src/dshot.c:154:17:dshot_prepare_packet	32	static
../Core/Src/dshot.c:178:13:dshot_prepare_dmabuffer	24	static
../Core/Src/dshot.c:193:13:dshot_prepare_dmabuffer_all	16	static
../Core/Src/dshot.c:202:13:dshot_dma_start	8	static
../Core/Src/dshot.c:212:13:dshot_enable_dma_request	4	static
