../Core/Src/main.c:125:5:main	112	static
../Core/Src/main.c:541:6:SystemClock_Config	96	static
../Core/Src/main.c:590:13:MX_ADC1_Init	48	static
../Core/Src/main.c:656:13:MX_CAN_Init	8	static
../Core/Src/main.c:693:13:MX_I2C1_Init	8	static
../Core/Src/main.c:741:13:MX_TIM1_Init	96	static
../Core/Src/main.c:811:13:MX_TIM2_Init	48	static
../Core/Src/main.c:864:13:MX_TIM3_Init	48	static
../Core/Src/main.c:917:13:MX_TIM6_Init	24	static
../Core/Src/main.c:955:13:MX_USART2_UART_Init	8	static
../Core/Src/main.c:988:13:MX_DMA_Init	16	static
../Core/Src/main.c:1018:13:MX_GPIO_Init	40	static
../Core/Src/main.c:1070:6:HAL_TIM_PeriodElapsedCallback	16	static
../Core/Src/main.c:1093:6:Error_Handler	4	static,ignoring_inline_asm
