../Core/Src/main.c:84:6:write_r_buffer	16	static
../Core/Src/main.c:96:9:read_r_buffer	24	static
../Core/Src/main.c:164:6:HAL_UART_RxCpltCallback	16	static
../Core/Src/main.c:177:5:main	128	static
../Core/Src/main.c:604:6:SystemClock_Config	96	static
../Core/Src/main.c:653:13:MX_ADC1_Init	48	static
../Core/Src/main.c:719:13:MX_CAN_Init	8	static
../Core/Src/main.c:756:13:MX_I2C1_Init	8	static
../Core/Src/main.c:804:13:MX_TIM1_Init	96	static
../Core/Src/main.c:874:13:MX_TIM2_Init	48	static
../Core/Src/main.c:927:13:MX_TIM3_Init	48	static
../Core/Src/main.c:980:13:MX_TIM6_Init	24	static
../Core/Src/main.c:1018:13:MX_USART2_UART_Init	8	static
../Core/Src/main.c:1051:13:MX_DMA_Init	16	static
../Core/Src/main.c:1081:13:MX_GPIO_Init	40	static
../Core/Src/main.c:1133:6:HAL_TIM_PeriodElapsedCallback	16	static
../Core/Src/main.c:1156:6:Error_Handler	4	static,ignoring_inline_asm
